******************************************************************************
                  TI ARM Linker PC v20.2.1                     
******************************************************************************
>> Linked Wed Jun 24 09:08:51 2020

OUTPUT FILE NAME:   <sniffer_fw.out>
ENTRY POINT SYMBOL: "ResetISR"  address: 00006719


MEMORY CONFIGURATION

         name            origin    length      used     unused   attr    fill
----------------------  --------  ---------  --------  --------  ----  --------
  FLASH                 00000000   00058000  0000a9f0  0004d610  R  X
  GPRAM                 11000000   00002000  00000000  00002000  RW X
  SRAM                  20000000   00014000  00006858  0000d7a8  RW X


SEGMENT ALLOCATION MAP

run origin  load origin   length   init length attrs members
----------  ----------- ---------- ----------- ----- -------
00000000    00000000    0000a998   0000a998    r-x
  00000000    00000000    0000003c   0000003c    r-- .resetVecs
  0000003c    0000003c    000095d4   000095d4    r-x .text
  00009610    00009610    00000ef8   00000ef8    r-- .const
  0000a508    0000a508    00000490   00000490    r-- .cinit
00057fa8    00057fa8    00000058   00000058    r--
  00057fa8    00057fa8    00000058   00000058    r-- .ccfg
20000100    20000100    0000000c   00000000    rw-
  20000100    20000100    00000004   00000000    rw- .data:xdcRomConstPtr
  20000104    20000104    00000004   00000000    rw- .data:xdcRomExternFuncPtr
  20000108    20000108    00000004   00000000    rw- .data:xdcRomStatePtr
20000110    20000110    00001000   00000000    r--
  20000110    20000110    00001000   00000000    r-- .priheap
20001830    20001830    00000010   00000000    rw-
  20001830    20001830    00000010   00000000    rw- .TI.bound:dmaSpi0RxControlTableEntry
20001840    20001840    00000010   00000000    rw-
  20001840    20001840    00000010   00000000    rw- .TI.bound:dmaSpi0TxControlTableEntry
20001870    20001870    00000010   00000000    rw-
  20001870    20001870    00000010   00000000    rw- .TI.bound:dmaADCPriControlTableEntry
20001900    20001900    00000010   00000000    rw-
  20001900    20001900    00000010   00000000    rw- .TI.bound:dmaSpi1RxControlTableEntry
20001910    20001910    00000010   00000000    rw-
  20001910    20001910    00000010   00000000    rw- .TI.bound:dmaSpi1TxControlTableEntry
20001a30    20001a30    00000010   00000000    rw-
  20001a30    20001a30    00000010   00000000    rw- .TI.bound:dmaSpi0RxAltControlTableEntry
20001a40    20001a40    00000010   00000000    rw-
  20001a40    20001a40    00000010   00000000    rw- .TI.bound:dmaSpi0TxAltControlTableEntry
20001a70    20001a70    00000010   00000000    rw-
  20001a70    20001a70    00000010   00000000    rw- .TI.bound:dmaADCAltControlTableEntry
20001b00    20001b00    00000010   00000000    rw-
  20001b00    20001b00    00000010   00000000    rw- .TI.bound:dmaSpi1RxAltControlTableEntry
20001b10    20001b10    000052e8   00000000    rw-
  20001b10    20001b10    00000010   00000000    rw- .TI.bound:dmaSpi1TxAltControlTableEntry
  20001b20    20001b20    00004774   00000000    rw- .bss
  20006298    20006298    00000b60   00000000    rw- .data
20013c00    20013c00    00000400   00000000    rw-
  20013c00    20013c00    00000400   00000000    rw- .stack


SECTION ALLOCATION MAP

 output                                  attributes/
section   page    origin      length       input sections
--------  ----  ----------  ----------   ----------------
.binit     0    00000000    00000000     

.cinit     0    0000a508    00000490     
                  0000a508    0000039c     (.cinit..data.load) [load image, compression = lzss]
                  0000a8a4    0000000c     (__TI_handler_table)
                  0000a8b0    00000008     (.cinit..TI.bound:dmaADCAltControlTableEntry.load) [load image, compression = zero_init]
                  0000a8b8    00000008     (.cinit..TI.bound:dmaADCPriControlTableEntry.load) [load image, compression = zero_init]
                  0000a8c0    00000008     (.cinit..TI.bound:dmaSpi0RxAltControlTableEntry.load) [load image, compression = zero_init]
                  0000a8c8    00000008     (.cinit..TI.bound:dmaSpi0RxControlTableEntry.load) [load image, compression = zero_init]
                  0000a8d0    00000008     (.cinit..TI.bound:dmaSpi0TxAltControlTableEntry.load) [load image, compression = zero_init]
                  0000a8d8    00000008     (.cinit..TI.bound:dmaSpi0TxControlTableEntry.load) [load image, compression = zero_init]
                  0000a8e0    00000008     (.cinit..TI.bound:dmaSpi1RxAltControlTableEntry.load) [load image, compression = zero_init]
                  0000a8e8    00000008     (.cinit..TI.bound:dmaSpi1RxControlTableEntry.load) [load image, compression = zero_init]
                  0000a8f0    00000008     (.cinit..TI.bound:dmaSpi1TxAltControlTableEntry.load) [load image, compression = zero_init]
                  0000a8f8    00000008     (.cinit..TI.bound:dmaSpi1TxControlTableEntry.load) [load image, compression = zero_init]
                  0000a900    00000008     (.cinit..bss.load) [load image, compression = zero_init]
                  0000a908    00000008     (.cinit..data:xdcRomConstPtr.load) [load image, compression = lzss]
                  0000a910    00000008     (.cinit..data:xdcRomExternFuncPtr.load) [load image, compression = lzss]
                  0000a918    00000008     (.cinit..data:xdcRomStatePtr.load) [load image, compression = lzss]
                  0000a920    00000078     (__TI_cinit_table)

.init_array 
*          0    00000000    00000000     UNINITIALIZED

.ccfg      0    00057fa8    00000058     
                  00057fa8    00000058     ccfg.obj (.ccfg:retain)

.bss       0    20001b20    00004774     UNINITIALIZED
                  20001b20    00001844     packet_queue.obj (.bss:PacketQueue_dataPacket)
                  20003364    0000183c     radio_if_dataqueue.obj (.bss:RadioIF_rxDataBuffer)
                  20004ba0    00000800     test_command_handler.obj (.bss:packet)
                  200053a0    000004b8     rf_multiMode_cc13x2.aem4f : RFCC26X2_multiMode.c.cc13x2.ccs.o (.bss:$O1$$)
                  20005858    00000260     (.common:uartCC26XXObjects)
                  20005ab8    00000200     release_pem4f.oem4f (.bss:taskStackSection)
                  20005cb8    00000107     control_task.obj (.bss:ControlTask_command)
                  20005dbf    00000001     ll_ble.obj (.bss)
                  20005dc0    000000d8     (.common:ti_sysbios_family_arm_m3_Hwi_dispatchTable)
                  20005e98    000000b0     (.common:RadioIF_RF_Obj)
                  20005f48    0000007c     (.common:pinHandleTable)
                  20005fc4    00000040     (.common:uartCC26XXRingBuffer)
                  20006004    0000003c     packet_sniffer_fw.obj (.bss:controlTaskParams)
                  20006040    0000003c     packet_sniffer_fw.obj (.bss:dataTaskParams)
                  2000607c    0000003c     packet_sniffer_fw.obj (.bss:hostIfTaskParams)
                  200060b8    0000003c     packet_sniffer_fw.obj (.bss:userIfTaskParams)
                  200060f4    00000034     drivers_cc13x2.aem4f : PINCC26XX.oem4f (.bss:pinSwi)
                  20006128    00000028     ll_ble.obj (.bss:LLBle_remappingTable)
                  20006150    00000024     host_if.obj (.bss:HostIF_uartParams)
                  20006174    00000020     drivers_cc13x2.aem4f : PINCC26XX.oem4f (.bss:pinGpioConfigTable)
                  20006194    0000001c     driverlib.lib : osc.obj (.bss:$O1$$)
                  200061b0    0000001c     host_if.obj (.bss:HostIF_semStructUart)
                  200061cc    0000001c     drivers_cc13x2.aem4f : PINCC26XX.oem4f (.bss:pinHwi)
                  200061e8    0000001c                          : PINCC26XX.oem4f (.bss:pinSemaphore)
                  20006204    00000014     rf_multiMode_cc13x2.aem4f : RFCC26X2_multiMode.c.cc13x2.ccs.o (.bss:RF_ratSyncCmd)
                  20006218    0000000f     command_handler.obj (.bss:CommandHandler_commandPingResponse)
                  20006227    00000001     rf_multiMode_cc13x2.aem4f : RFCC26X2_multiMode.c.cc13x2.ccs.o (.bss)
                  20006228    0000000c     user_if_task.obj (.bss:UserIfTask_ledPinState)
                  20006234    00000009     command_handler.obj (.bss:CommandHandler_commandResponse)
                  2000623d    00000008     ll_ble.obj (.bss:LLBle_channelMap)
                  20006245    00000008     ll_ble.obj (.bss:LLBle_newChannelMap)
                  2000624d    00000001     (.common:driverlib_release_0_56804)
                  2000624e    00000002     (.common:RadioIF_Cmd_Handle)
                  20006250    00000008     radio_if_dataqueue.obj (.bss:RadioIF_dataQueue)
                  20006258    00000008     host_if.obj (.bss)
                  20006260    00000008     drivers_cc13x2.aem4f : TemperatureCC26X2.oem4f (.bss:notificationList)
                  20006268    00000008     packet_queue.obj (.bss)
                  20006270    00000004     data_task.obj (.bss)
                  20006274    00000004     drivers_cc13x2.aem4f : PINCC26XX.oem4f (.bss)
                  20006278    00000004     phy_io_config.obj (.bss)
                  2000627c    00000004     radio_if_dataqueue.obj (.bss)
                  20006280    00000004     user_if_task.obj (.bss)
                  20006284    00000004     (.common:PowerCC26XX_swiKey)
                  20006288    00000004     (.common:PowerCC26XX_taskKey)
                  2000628c    00000004     (.common:RadioIF_Rf_Handle)
                  20006290    00000004     (.common:TaskEvent_Handle)

.data      0    20006298    00000b60     UNINITIALIZED
                  20006298    00000134     drivers_cc13x2.aem4f : PowerCC26X2.oem4f (.data:PowerCC26X2_module)
                  200063cc    0000010c     release_pem4f.oem4f (.data:ROM_stateStruct)
                  200064d8    00000088     rom_sysbios.aem4f : rom_sysbios.obj (.data:$O1$$)
                  20006560    00000054     release_pem4f.oem4f (.data:ti_sysbios_gates_GateMutex_Object__table__V)
                  200065b4    0000004c     release_pem4f.oem4f (.data:ti_sysbios_knl_Task_Object__table__V)
                  20006600    00000048     release_pem4f.oem4f (.data:ti_sysbios_family_arm_cc26xx_Timer_Object__table__V)
                  20006648    00000040     phy_manager.obj (.data:phyApis)
                  20006688    0000003d     ll_ble.obj (.data)
                  200066c5    00000002     phy_manager.obj (.data)
                  200066c7    00000001     control_task.obj (.data)
                  200066c8    0000003c     smartrf_settings_15_4_0.obj (.data:Ieee154_0_cmdIeeeRx)
                  20006704    00000030     smartrf_settings_15_4g_0.obj (.data:Ieee154g0_cmdPropRxAdv)
                  20006734    00000030     smartrf_settings_15_4g_1.obj (.data:Ieee154g1_cmdPropRxAdv)
                  20006764    00000030     smartrf_settings_15_4g_2.obj (.data:Ieee154g2_cmdPropRxAdv)
                  20006794    00000030     release_pem4f.oem4f (.data:ti_sysbios_knl_Swi_Module_State_0_readyQ__A)
                  200067c4    00000030     release_pem4f.oem4f (.data:ti_sysbios_knl_Swi_Object__table__V)
                  200067f4    00000030     release_pem4f.oem4f (.data:ti_sysbios_knl_Task_Module_State_0_readyQ__A)
                  20006824    00000028     smartrf_settings_15_4g_0.obj (.data:Ieee154g0_cmdPropRadioDivSetup)
                  2000684c    00000028     smartrf_settings_15_4g_1.obj (.data:Ieee154g1_cmdPropRadioDivSetup)
                  20006874    00000028     smartrf_settings_15_4g_2.obj (.data:Ieee154g2_cmdPropRadioDivSetup)
                  2000689c    00000028     smartrf_settings_rf_prop_0.obj (.data:RFProp0_cmdPropRadioDivSetup)
                  200068c4    00000028     smartrf_settings_rf_prop_1.obj (.data:RFProp1_cmdPropRadioDivSetup)
                  200068ec    00000024     smartrf_settings_ble5_0.obj (.data:Ble5_0_cmdBle5RadioSetup)
                  20006910    00000024     smartrf_settings_15_4g_1.obj (.data:Ieee154g1_pOverrides)
                  20006934    00000024     smartrf_settings_rf_prop_0.obj (.data:RFProp0_cmdPropRx)
                  20006958    00000024     smartrf_settings_rf_prop_1.obj (.data:RFProp1_cmdPropRx)
                  2000697c    00000024     smartrf_settings_rf_prop_1.obj (.data:RFProp1_pOverrides)
                  200069a0    00000020     smartrf_settings_ble5_0.obj (.data:Ble5_0_cmdBle5GenericRx)
                  200069c0    00000020     smartrf_settings_15_4g_0.obj (.data:Ieee154g0_cmdPropTxAdv)
                  200069e0    00000020     smartrf_settings_15_4g_0.obj (.data:Ieee154g0_pOverrides)
                  20006a00    00000020     smartrf_settings_15_4g_1.obj (.data:Ieee154g1_cmdPropTxAdv)
                  20006a20    00000020     smartrf_settings_15_4g_2.obj (.data:Ieee154g2_cmdPropTxAdv)
                  20006a40    00000020     smartrf_settings_15_4g_2.obj (.data:Ieee154g2_pOverrides)
                  20006a60    00000020     ll_ble_timer.obj (.data:LLBle_timers)
                  20006a80    00000020     smartrf_settings_rf_prop_0.obj (.data:RFProp0_pOverrides)
                  20006aa0    00000020     smartrf_settings_ble5_0.obj (.data:bleAdvPar)
                  20006ac0    00000020     release_pem4f.oem4f (.data:ti_sysbios_knl_Clock_Object__table__V)
                  20006ae0    00000020     release_pem4f.oem4f (.data:xdc_runtime_Error_IgnoreBlock)
                  20006b00    00000018     smartrf_settings_ble5_0.obj (.data:Ble5_0_cmdBleAdvNc)
                  20006b18    00000018     smartrf_settings_ble5_0.obj (.data:Ble5_0_cmdFs)
                  20006b30    00000018     smartrf_settings_15_4_0.obj (.data:Ieee154_0_cmdFs)
                  20006b48    00000018     smartrf_settings_15_4_0.obj (.data:Ieee154_0_cmdIeeeTx)
                  20006b60    00000018     smartrf_settings_15_4_0.obj (.data:Ieee154_0_cmdRadioSetup)
                  20006b78    00000018     smartrf_settings_15_4g_0.obj (.data:Ieee154g0_cmdFs)
                  20006b90    00000018     smartrf_settings_15_4g_1.obj (.data:Ieee154g1_cmdFs)
                  20006ba8    00000018     smartrf_settings_15_4g_2.obj (.data:Ieee154g2_cmdFs)
                  20006bc0    00000018     smartrf_settings_rf_prop_0.obj (.data:RFProp0_cmdFs)
                  20006bd8    00000018     smartrf_settings_rf_prop_0.obj (.data:RFProp0_cmdPropTx)
                  20006bf0    00000018     smartrf_settings_rf_prop_1.obj (.data:RFProp1_cmdFs)
                  20006c08    00000018     smartrf_settings_rf_prop_1.obj (.data:RFProp1_cmdPropTx)
                  20006c20    00000018     smartrf_settings_ble5_0.obj (.data:pOverridesCommon)
                  20006c38    00000018     release_pem4f.oem4f (.data:ti_sysbios_family_arm_m3_Hwi_Object__table__V)
                  20006c50    00000018     release_pem4f.oem4f (.data:ti_sysbios_heaps_HeapMem_Object__table__V)
                  20006c68    00000014     smartrf_settings_ble5_0.obj (.data:bleGenericRxPar)
                  20006c7c    00000014     smartrf_settings_ble5_0.obj (.data:pOverrides1Mbps)
                  20006c90    00000010     smartrf_settings_ble5_0.obj (.data:Ble5_0_mode)
                  20006ca0    00000010     smartrf_settings_15_4_0.obj (.data:Ieee154_0_mode)
                  20006cb0    00000010     smartrf_settings_15_4g_0.obj (.data:Ieee154g0_mode)
                  20006cc0    00000010     smartrf_settings_15_4g_1.obj (.data:Ieee154g1_mode)
                  20006cd0    00000010     smartrf_settings_15_4g_2.obj (.data:Ieee154g2_mode)
                  20006ce0    00000010     smartrf_settings_rf_prop_0.obj (.data:RFProp0_mode)
                  20006cf0    00000010     smartrf_settings_rf_prop_1.obj (.data:RFProp1_mode)
                  20006d00    00000010     radio_if.obj (.data:RadioIf_timers)
                  20006d10    00000010     smartrf_settings_ble5_0.obj (.data:pOverridesCoded)
                  20006d20    0000000c     smartrf_settings_15_4_0.obj (.data:Ieee154_0_pOverrides)
                  20006d2c    0000000c     smartrf_settings_ble5_0.obj (.data:pOverrides2Mbps)
                  20006d38    0000000c     radio_if.obj (.data)
                  20006d44    00000008     rtsv7M4_T_le_v4SPD16_eabi.lib : _lock.c.obj (.data:$O1$$)
                  20006d4c    00000008     ll_ble.obj (.data:LLBle_dirState)
                  20006d54    00000008     user_if_task.obj (.data:UserIfTask_pinTable)
                  20006d5c    00000008     drivers_cc13x2.aem4f : PINCC26XX.oem4f (.data)
                  20006d64    00000008     release_pem4f.oem4f (.data:ti_sysbios_family_arm_m3_Hwi_Module__root__V)
                  20006d6c    00000008     release_pem4f.oem4f (.data:ti_sysbios_gates_GateHwi_Module__root__V)
                  20006d74    00000008     release_pem4f.oem4f (.data:ti_sysbios_gates_GateMutex_Module__root__V)
                  20006d7c    00000008     release_pem4f.oem4f (.data:ti_sysbios_hal_Hwi_Module__root__V)
                  20006d84    00000008     release_pem4f.oem4f (.data:ti_sysbios_heaps_HeapMem_Module__root__V)
                  20006d8c    00000008     release_pem4f.oem4f (.data:ti_sysbios_knl_Clock_Module__root__V)
                  20006d94    00000008     release_pem4f.oem4f (.data:ti_sysbios_knl_Event_Module__root__V)
                  20006d9c    00000008     release_pem4f.oem4f (.data:ti_sysbios_knl_Mailbox_Module__root__V)
                  20006da4    00000008     release_pem4f.oem4f (.data:ti_sysbios_knl_Queue_Module__root__V)
                  20006dac    00000008     release_pem4f.oem4f (.data:ti_sysbios_knl_Semaphore_Module__root__V)
                  20006db4    00000008     release_pem4f.oem4f (.data:ti_sysbios_knl_Swi_Module__root__V)
                  20006dbc    00000008     release_pem4f.oem4f (.data:ti_sysbios_knl_Task_Module__root__V)
                  20006dc4    00000008     timestamp.obj (.data)
                  20006dcc    00000008     release_pem4f.oem4f (.data:xdc_runtime_System_Module_State_0_atexitHandlers__A)
                  20006dd4    00000006     ll_ble.obj (.data:LLBle_filterValue)
                  20006dda    00000005     drivers_cc13x2.aem4f : TemperatureCC26X2.oem4f (.data)
                  20006ddf    00000001                          : UART.oem4f (.data)
                  20006de0    00000004     rtsv7M4_T_le_v4SPD16_eabi.lib : stkdepth_vars.c.obj (.data)
                  20006de4    00000004     release_pem4f.oem4f (.data:ti_sysbios_family_arm_m3_Hwi_Module_State_0_excContext__A)
                  20006de8    00000004     release_pem4f.oem4f (.data:ti_sysbios_family_arm_m3_Hwi_Module_State_0_excStack__A)
                  20006dec    00000004     release_pem4f.oem4f (.data:ti_sysbios_knl_Task_Module_State_0_idleTask__A)
                  20006df0    00000002     release_pem4f.oem4f (.data:ti_sysbios_family_arm_m3_Hwi_Module_State_0_excActive__A)
                  20006df2    00000001     host_if.obj (.data)
                  20006df3    00000001     ll_manager.obj (.data)
                  20006df4    00000001     packet_queue.obj (.data)
                  20006df5    00000001     rf_multiMode_cc13x2.aem4f : rf_patch_cpe_multi_protocol.c.cc13x2.ccs.o (.data)
                  20006df6    00000001                               : rf_patch_cpe_prop.c.cc13x2.ccs.o (.data)
                  20006df7    00000001     task_event.obj (.data)

.stack     0    20013c00    00000400     UNINITIALIZED
                  20013c00    00000400     --HOLE--

.priheap   0    20000110    00001000     UNINITIALIZED
                  20000110    00001000     --HOLE--

.data:xdcRomConstPtr 
*          0    20000100    00000004     UNINITIALIZED
                  20000100    00000004     release_pem4f.oem4f (.data:xdcRomConstPtr)

.data:xdcRomExternFuncPtr 
*          0    20000104    00000004     UNINITIALIZED
                  20000104    00000004     release_pem4f.oem4f (.data:xdcRomExternFuncPtr)

.data:xdcRomStatePtr 
*          0    20000108    00000004     UNINITIALIZED
                  20000108    00000004     release_pem4f.oem4f (.data:xdcRomStatePtr)

.bootVecs 
*          0    00000000    00000008     DSECT
                  00000000    00000008     boot.aem4f : boot.oem4f (.bootVecs)

.resetVecs 
*          0    00000000    0000003c     
                  00000000    0000003c     release_pem4f.oem4f (.resetVecs)

.vecs      0    20000000    000000d8     NOLOAD SECTION
                  20000000    000000d8     release_pem4f.oem4f (.vecs)

xdc.meta   0    00000000    00000104     COPY SECTION
                  00000000    00000104     release_pem4f.oem4f (xdc.meta)

xdc.noload 
*          0    00000000    00000000     COPY SECTION

__llvm_prf_cnts 
*          0    20000000    00000000     UNINITIALIZED

.TI.bound:dmaSpi0RxControlTableEntry 
*          0    20001830    00000010     UNINITIALIZED
                  20001830    00000010     drivers_cc13x2.aem4f : SPICC26X2DMA.oem4f (.TI.bound:dmaSpi0RxControlTableEntry)

.TI.bound:dmaSpi0TxControlTableEntry 
*          0    20001840    00000010     UNINITIALIZED
                  20001840    00000010     drivers_cc13x2.aem4f : SPICC26X2DMA.oem4f (.TI.bound:dmaSpi0TxControlTableEntry)

.TI.bound:dmaADCPriControlTableEntry 
*          0    20001870    00000010     UNINITIALIZED
                  20001870    00000010     drivers_cc13x2.aem4f : ADCBufCC26X2.oem4f (.TI.bound:dmaADCPriControlTableEntry)

.TI.bound:dmaSpi1RxControlTableEntry 
*          0    20001900    00000010     UNINITIALIZED
                  20001900    00000010     drivers_cc13x2.aem4f : SPICC26X2DMA.oem4f (.TI.bound:dmaSpi1RxControlTableEntry)

.TI.bound:dmaSpi1TxControlTableEntry 
*          0    20001910    00000010     UNINITIALIZED
                  20001910    00000010     drivers_cc13x2.aem4f : SPICC26X2DMA.oem4f (.TI.bound:dmaSpi1TxControlTableEntry)

.TI.bound:dmaSpi0RxAltControlTableEntry 
*          0    20001a30    00000010     UNINITIALIZED
                  20001a30    00000010     drivers_cc13x2.aem4f : SPICC26X2DMA.oem4f (.TI.bound:dmaSpi0RxAltControlTableEntry)

.TI.bound:dmaSpi0TxAltControlTableEntry 
*          0    20001a40    00000010     UNINITIALIZED
                  20001a40    00000010     drivers_cc13x2.aem4f : SPICC26X2DMA.oem4f (.TI.bound:dmaSpi0TxAltControlTableEntry)

.TI.bound:dmaADCAltControlTableEntry 
*          0    20001a70    00000010     UNINITIALIZED
                  20001a70    00000010     drivers_cc13x2.aem4f : ADCBufCC26X2.oem4f (.TI.bound:dmaADCAltControlTableEntry)

.TI.bound:dmaSpi1RxAltControlTableEntry 
*          0    20001b00    00000010     UNINITIALIZED
                  20001b00    00000010     drivers_cc13x2.aem4f : SPICC26X2DMA.oem4f (.TI.bound:dmaSpi1RxAltControlTableEntry)

.TI.bound:dmaSpi1TxAltControlTableEntry 
*          0    20001b10    00000010     UNINITIALIZED
                  20001b10    00000010     drivers_cc13x2.aem4f : SPICC26X2DMA.oem4f (.TI.bound:dmaSpi1TxAltControlTableEntry)

.text      0    0000003c    000095d4     
                  0000003c    000004a4     rf_multiMode_cc13x2.aem4f : RFCC26X2_multiMode.c.cc13x2.ccs.o (.text:RF_fsmActiveState)
                  000004e0    00000200                               : RFCC26X2_multiMode.c.cc13x2.ccs.o (.text:RF_open)
                  000006e0    000001c8     ll_ble.obj (.text:LLBle_reset)
                  000008a8    000001c4     drivers_cc13x2.aem4f : PINCC26XX.oem4f (.text:PIN_init)
                  00000a6c    000001b6     rtsv7M4_T_le_v4SPD16_eabi.lib : fd_add_t2.asm.obj (.text)
                  00000c22    00000002     ll_default.obj (.text:LLDefault_reset)
                  00000c24    00000198     drivers_cc13x2.aem4f : PowerCC26X2.oem4f (.text:Power_sleep)
                  00000dbc    00000198     rf_multiMode_cc13x2.aem4f : RFCC26X2_multiMode.c.cc13x2.ccs.o (.text:RF_dispatchNextCmd)
                  00000f54    00000194     drivers_cc13x2.aem4f : PowerCC26X2.oem4f (.text:Power_init)
                  000010e8    00000190                          : PowerCC26X2_calibrateRCOSC.oem4f (.text:calibrateRcoscHf1)
                  00001278    0000018c                          : PowerCC26X2_calibrateRCOSC.oem4f (.text:runCalibrateFsm)
                  00001404    00000188     release_pem4f.oem4f (.text:xdc_runtime_System_printfExtend__I)
                  0000158c    00000170     ll_ble.obj (.text:LLBle_setupDataConnection)
                  000016fc    00000164     drivers_cc13x2.aem4f : UARTCC26XX.oem4f (.text:UARTCC26XX_open)
                  00001860    00000154                          : UARTCC26XX.oem4f (.text:UARTCC26XX_hwiIntFxn)
                  000019b4    0000014c     ll_ble.obj (.text:LLBle_connectionTimerEventHandler)
                  00001b00    00000148     rf_multiMode_cc13x2.aem4f : RFCC26X2_multiMode.c.cc13x2.ccs.o (.text:RF_fsmSetupState)
                  00001c48    00000140                               : RFCC26X2_multiMode.c.cc13x2.ccs.o (.text:RF_close)
                  00001d88    0000013c                               : RFCC26X2_multiMode.c.cc13x2.ccs.o (.text:RF_ratSetupChannel)
                  00001ec4    0000013a     drivers_cc13x2.aem4f : UARTCC26XX.oem4f (.text:UARTCC26XX_read)
                  00001ffe    00000002     rf_multiMode_cc13x2.aem4f : rfc.c.cc13x2.ccs.o (.text:NOROM_RFCCpePatchReset)
                  00002000    00000134     ll_ble.obj (.text:LLBle_processPacket)
                  00002134    00000134     rf_multiMode_cc13x2.aem4f : RFCC26X2_multiMode.c.cc13x2.ccs.o (.text:RF_abortCmd)
                  00002268    00000120     drivers_cc13x2.aem4f : PowerCC26X2.oem4f (.text:configureXOSCHF)
                  00002388    0000011c     rf_multiMode_cc13x2.aem4f : RFCC26X2_multiMode.c.cc13x2.ccs.o (.text:RF_radioOpDoneCb)
                  000024a4    00000112                               : RFCC26X2_multiMode.c.cc13x2.ccs.o (.text:RF_decodeOverridePointers)
                  000025b6    00000002                               : RFCC26X2_multiMode.c.cc13x2.ccs.o (.text:RF_defaultCallback)
                  000025b8    00000110                               : RFCC26X2_multiMode.c.cc13x2.ccs.o (.text:RF_initRadioSetup)
                  000026c8    00000104                               : RFCC26X2_multiMode.c.cc13x2.ccs.o (.text:RF_hwiCpe0Active)
                  000027cc    000000fc     driverlib.lib : sys_ctrl.obj (.text:NOROM_SysCtrlStandby)
                  000028c8    000000fc     rtsv7M4_T_le_v4SPD16_eabi.lib : fd_mul_t2.asm.obj (.text)
                  000029c4    000000f8     drivers_cc13x2.aem4f : PINCC26XX.oem4f (.text:PINCC26XX_setIoCfg)
                  00002abc    000000f0     rf_multiMode_cc13x2.aem4f : RFCC26X2_multiMode.c.cc13x2.ccs.o (.text:RF_fsmPowerUpState)
                  00002bac    000000e4     ll_ble.obj (.text:LLBle_adjustAnchorPoint)
                  00002c90    000000e4     phy_manager.obj (.text:PhyManager_isPhyNumberValid)
                  00002d74    000000e4     radio_if_dataqueue.obj (.text:RadioIF_createDataQueue)
                  00002e58    000000e0     rf_multiMode_cc13x2.aem4f : RFCC26X2_multiMode.c.cc13x2.ccs.o (.text:RF_postCmd)
                  00002f38    000000e0     drivers_cc13x2.aem4f : UARTCC26XX.oem4f (.text:UARTCC26XX_write)
                  00003018    000000d4     rf_multiMode_cc13x2.aem4f : RFCC26X2_multiMode.c.cc13x2.ccs.o (.text:RF_pendCmd)
                  000030ec    000000d2                               : RFCC26X2_multiMode.c.cc13x2.ccs.o (.text:RF_updatePaConfiguration)
                  000031be    00000002     rtsv7M4_T_le_v4SPD16_eabi.lib : _lock.c.obj (.text:_nop)
                  000031c0    000000d0     control_task.obj (.text:ControlTask_handleCommand)
                  00003290    000000d0     rf_multiMode_cc13x2.aem4f : RFCC26X2_multiMode.c.cc13x2.ccs.o (.text:RF_swiHw)
                  00003360    000000cc     ll_ble.obj (.text:LLBle_channelMapUpdate)
                  0000342c    000000c8     host_if.obj (.text:HostIF_init)
                  000034f4    000000c8     drivers_cc13x2.aem4f : PowerCC26X2.oem4f (.text:Power_releaseDependency)
                  000035bc    000000c4                          : PowerCC26X2.oem4f (.text:Power_setDependency)
                  00003680    000000c0                          : UARTCC26XX.oem4f (.text:UARTCC26XX_initIO)
                  00003740    000000b8                          : UARTCC26XX.oem4f (.text:UARTCC26XX_initHw)
                  000037f8    000000b4     dpl_cc13x2.aem4f : PowerCC26X2_tirtos.oem4f (.text:PowerCC26XX_standbyPolicy)
                  000038ac    000000b0     user_if_task.obj (.text:userIfTask)
                  0000395c    000000ac     ll_ble.obj (.text:LLBle_prependPacketInfo)
                  00003a08    000000ac     drivers_cc13x2.aem4f : PINCC26XX.oem4f (.text:PIN_open)
                  00003ab4    000000ac     phy_if_ble_5.obj (.text:PhyIf_convertFrequencyToBleChannel)
                  00003b60    000000ac     driverlib.lib : setup.obj (.text:TrimAfterColdResetWakeupFromShutDown)
                  00003c0c    000000a8     ll_ble.obj (.text:LLBle_setDirInfo)
                  00003cb4    000000a8     CC1352R1_LAUNCHXL_fxns.obj (.text:rfDriverCallback)
                  00003d5c    000000a4     ll_ble.obj (.text:LLBle_disconnect)
                  00003e00    000000a4     rf_multiMode_cc13x2.aem4f : RFCC26X2_multiMode.c.cc13x2.ccs.o (.text:RF_ratRestartChannels)
                  00003ea4    000000a2     packet_handler.obj (.text:PacketHandler_constructDataPacket)
                  00003f46    00000002     drivers_cc13x2.aem4f : PowerCC26X2.oem4f (.text:emptyClockFunc)
                  00003f48    000000a0     auto_init.aem4f : auto_init.oem4f (.text)
                  00003fe8    0000009c     radio_if.obj (.text:RadioIF_ratCallback)
                  00004084    0000009c     rtsv7M4_T_le_v4SPD16_eabi.lib : memcpy_t2.asm.obj (.text)
                  00004120    00000098     driverlib.lib : setup.obj (.text:NOROM_SetupTrimDevice)
                  000041b8    00000098     rf_multiMode_cc13x2.aem4f : RFCC26X2_multiMode.c.cc13x2.ccs.o (.text:RF_calculateDispatchTime)
                  00004250    00000098     drivers_cc13x2.aem4f : UARTCC26XX.oem4f (.text:writeTxFifoFlush)
                  000042e8    00000096     rtsv7M4_T_le_v4SPD16_eabi.lib : ull_div_t2.asm.obj (.text)
                  0000437e    00000002                                   : div0.asm.obj (.text)
                  00004380    00000094     test_command_handler.obj (.text:TestCommandHandler_transmitSequence)
                  00004414    00000092     timestamp.obj (.text:Timestamp_extractTimestamp)
                  000044a6    00000092     drivers_cc13x2.aem4f : UARTCC26XX.oem4f (.text:UARTCC26XX_writeCancel)
                  00004538    00000090     rf_multiMode_cc13x2.aem4f : RFCC26X2_multiMode.c.cc13x2.ccs.o (.text:RF_discardPendCmd)
                  000045c8    0000008c     ll_ble.obj (.text:LLBle_filterDataConnection)
                  00004654    0000008c     radio_if.obj (.text:RadioIF_rfCoreEventCallback)
                  000046e0    0000008c     packet_sniffer_fw.obj (.text:task_init)
                  0000476c    00000088     driverlib.lib : osc.obj (.text:NOROM_OSCHF_AttemptToSwitchToXosc)
                  000047f4    00000088     phy_if_ble_5.obj (.text:PhyIf_configureRxCmdBle_5)
                  0000487c    00000088     phy_if_prop_15_4g.obj (.text:PhyIf_configureRxCmdProp_15_4g)
                  00004904    00000088     rf_multiMode_cc13x2.aem4f : RFCC26X2_multiMode.c.cc13x2.ccs.o (.text:RF_cmdDispatchTime)
                  0000498c    00000088     test_command_handler.obj (.text:TestCommandHandler_transmitOneSequence)
                  00004a14    00000088     drivers_cc13x2.aem4f : PowerCC26X2_calibrateRCOSC.oem4f (.text:calibrateRcoscHf2)
                  00004a9c    00000088                          : PowerCC26X2.oem4f (.text:disableLFClockQualifiers)
                  00004b24    00000088                          : PowerCC26X2_calibrateRCOSC.oem4f (.text:updateSubSecInc)
                  00004bac    00000086     rtsv7M4_T_le_v4SPD16_eabi.lib : fd_cmp_t2.asm.obj (.text:__aeabi_cdcmple)
                  00004c32    00000086                                   : fd_cmp_t2.asm.obj (.text:__aeabi_cdrcmple)
                  00004cb8    00000086     phy_if_ble_5.obj (.text:convertToBleChannel)
                  00004d3e    00000084     CC1352R1_LAUNCHXL_fxns.obj (.text:CC1352R1_LAUNCHXL_sendExtFlashByte)
                  00004dc2    00000002     release_pem4f.oem4f (.text:ti_sysbios_BIOS_nullFunc__I)
                  00004dc4    00000084     data_task.obj (.text:DataTask_processPacket)
                  00004e48    00000084     phy_if_ble_5.obj (.text:PhyIf_setFrequencyBle_5)
                  00004ecc    00000084     rf_multiMode_cc13x2.aem4f : RFCC26X2_multiMode.c.cc13x2.ccs.o (.text:RF_issueRadioFreeCb)
                  00004f50    00000084                               : RFCC26X2_multiMode.c.cc13x2.ccs.o (.text:RF_verifyGap)
                  00004fd4    00000084     drivers_cc13x2.aem4f : UARTCC26XX.oem4f (.text:UARTCC26XX_close)
                  00005058    00000084     rom_sysbios.aem4f : rom_sysbios.obj (.text:ti_sysbios_family_arm_m3_Hwi_excHandlerMin__I)
                  000050dc    00000082     command_handler.obj (.text:CommandHandler_getChipId)
                  0000515e    00000002     rom_sysbios.aem4f : rom_sysbios.obj (.text:xdc_runtime_SysCallback_defaultAbort)
                  00005160    00000080     packet_queue.obj (.text:PacketQueue_init)
                  000051e0    00000080     rom_sysbios.aem4f : rom_sysbios.obj (.text:ti_sysbios_family_arm_cc26xx_Timer_start__E)
                  00005260    0000007c     ll_ble.obj (.text:LLBle_prepareFutureConnectionUpdate)
                  000052dc    0000007c     phy_if_prop.obj (.text:PhyIf_configureRxCmdProp)
                  00005358    0000007c     phy_manager.obj (.text:PhyManager_getFsCmd)
                  000053d4    0000007c     phy_manager.obj (.text:PhyManager_getRfMode)
                  00005450    0000007c     phy_manager.obj (.text:PhyManager_getRxCmd)
                  000054cc    0000007c     phy_manager.obj (.text:PhyManager_getSetupCmd)
                  00005548    0000007c     phy_manager.obj (.text:PhyManager_getTxCmd)
                  000055c4    0000007c     rf_multiMode_cc13x2.aem4f : RFCC26X2_multiMode.c.cc13x2.ccs.o (.text:RF_ratFreeChannel)
                  00005640    0000007c     timestamp.obj (.text:Timestamp_getFullRadioTimestamp)
                  000056bc    0000007a     rtsv7M4_T_le_v4SPD16_eabi.lib : memset_t2.asm.obj (.text)
                  00005736    00000002     rom_sysbios.aem4f : rom_sysbios.obj (.text:xdc_runtime_SysCallback_defaultExit)
                  00005738    00000074     phy_if_ieee_15_4.obj (.text:PhyIf_configureRxCmdIeee_15_4)
                  000057ac    00000074     drivers_cc13x2.aem4f : PowerCC26X2_calibrateRCOSC.oem4f (.text:PowerCC26X2_auxISR)
                  00005820    00000074     radio_if.obj (.text:RadioIF_startRfCoreRx)
                  00005894    00000072     rf_multiMode_cc13x2.aem4f : RFCC26X2_multiMode.c.cc13x2.ccs.o (.text:RF_detachOverrides)
                  00005906    00000070     command_handler.obj (.text:CommandHandler_searchForPacketHeader)
                  00005976    00000070     rf_multiMode_cc13x2.aem4f : rfc.c.cc13x2.ccs.o (.text:NOROM_RFCAnaDivTxOverride)
                  000059e6    00000002     rom_sysbios.aem4f : rom_sysbios.obj (.text:xdc_runtime_SysCallback_defaultFlush)
                  000059e8    00000070     rf_multiMode_cc13x2.aem4f : RFCC26X2_multiMode.c.cc13x2.ccs.o (.text:RF_hwiHw)
                  00005a58    00000070                               : RFCC26X2_multiMode.c.cc13x2.ccs.o (.text:RF_ratDisableChannel)
                  00005ac8    0000006e                               : RFCC26X2_multiMode.c.cc13x2.ccs.o (.text:RF_attachOverrides)
                  00005b36    0000006e                               : RFCC26X2_multiMode.c.cc13x2.ccs.o (.text:RF_howToSchedule)
                  00005ba4    0000006d     rom_sysbios.aem4f : rom_sysbios.obj (.text:xdc_runtime_System_formatNum__I)
                  00005c11    00000001     --HOLE-- [fill = 0]
                  00005c12    00000002                       : rom_sysbios.obj (.text:xdc_runtime_SysCallback_defaultPutch)
                  00005c14    0000006c     ll_ble.obj (.text:LLBle_prepareFutureChannelMapUpdate)
                  00005c80    0000006c     rf_multiMode_cc13x2.aem4f : RFCC26X2_multiMode.c.cc13x2.ccs.o (.text:RF_getCurrentTime)
                  00005cec    00000068     driverlib.lib : osc.obj (.text:NOROM_OSCHF_SwitchToRcOscTurnOffXosc)
                  00005d54    00000068                   : sys_ctrl.obj (.text:NOROM_SysCtrlSetRechargeBeforePowerDown)
                  00005dbc    00000068     phy_if_ble_5.obj (.text:PhyIf_setChannelBle_5)
                  00005e24    00000068     phy_manager.obj (.text:PhyManager_setPhy)
                  00005e8c    00000068     rtsv7M4_T_le_v4SPD16_eabi.lib : copy_decompress_lzss.c.obj (.text:decompress:lzss:__TI_decompress_lzss)
                  00005ef4    00000066     command_handler.obj (.text:CommandHandler_flushHostInterface)
                  00005f5a    00000066     rf_multiMode_cc13x2.aem4f : rf_patch_cpe_multi_protocol.c.cc13x2.ccs.o (.text:configureMultiProtocolPatch)
                  00005fc0    00000064                               : RFCC26X2_multiMode.c.cc13x2.ccs.o (.text:RF_dispatchNextEvent)
                  00006024    00000064     radio_if.obj (.text:RadioIf_configureRatTimerEvent)
                  00006088    00000064     drivers_cc13x2.aem4f : UARTCC26XX.oem4f (.text:UARTCC26XX_control)
                  000060ec    00000062                          : UARTCC26XX.oem4f (.text:UARTCC26XX_swiIntFxn)
                  0000614e    00000060     command_handler.obj (.text:CommandHandler_constructPingResponsePacket)
                  000061ae    00000002     --HOLE-- [fill = 0]
                  000061b0    00000060     ll_ble.obj (.text:LLBle_channelGetNext)
                  00006210    00000060     phy_io_config.obj (.text:Phy_configureIoPins)
                  00006270    00000060     rf_multiMode_cc13x2.aem4f : RFCC26X2_multiMode.c.cc13x2.ccs.o (.text:RF_applyRfCorePatch)
                  000062d0    00000060     control_task.obj (.text:controlTask)
                  00006330    00000060     data_task.obj (.text:dataTask)
                  00006390    0000005c     drivers_cc13x2.aem4f : PINCC26XX.oem4f (.text:PIN_remove)
                  000063ec    0000005c     rf_multiMode_cc13x2.aem4f : RFCC26X2_multiMode.c.cc13x2.ccs.o (.text:RF_syncCb)
                  00006448    0000005c     radio_if_dataqueue.obj (.text:RadioIF_takePacket)
                  000064a4    0000005c     drivers_cc13x2.aem4f : UARTCC26XX.oem4f (.text:startTxFifoEmptyClk)
                  00006500    0000005c     rom_sysbios.aem4f : rom_sysbios.obj (.text:ti_sysbios_heaps_HeapMem_initPrimary__I)
                  0000655c    0000005c     release_pem4f.oem4f (.text:xdc_runtime_Startup_getState__I)
                  000065b8    00000058     command_handler.obj (.text:CommandHandler_getCommand)
                  00006610    00000058     drivers_cc13x2.aem4f : PowerCC26X2_calibrateRCOSC.oem4f (.text:PowerCC26X2_initiateCalibration)
                  00006668    00000058     rf_multiMode_cc13x2.aem4f : RFCC26X2_multiMode.c.cc13x2.ccs.o (.text:RF_fsmXOSCState)
                  000066c0    00000058                               : RFCC26X2_multiMode.c.cc13x2.ccs.o (.text:RF_hwiCpe0PowerFsm)
                  00006718    00000058     boot.aem4f : boot.oem4f (.text)
                  00006770    00000056     rf_multiMode_cc13x2.aem4f : RFCC26X2_multiMode.c.cc13x2.ccs.o (.text:RF_defaultSubmitPolicy)
                  000067c6    00000002     --HOLE-- [fill = 0]
                  000067c8    00000054     driverlib.lib : chipinfo.obj (.text:NOROM_ChipInfo_GetChipType)
                  0000681c    00000054     phy_if_prop_15_4g.obj (.text:PhyIf_configureTxCmdProp_15_4g)
                  00006870    00000054     phy_if_prop.obj (.text:PhyIf_setFrequencyProp)
                  000068c4    00000054     phy_if_prop_15_4g.obj (.text:PhyIf_setFrequencyProp_15_4g)
                  00006918    00000052     timestamp.obj (.text:Timestamp_setPacketTimestamp)
                  0000696a    00000002     --HOLE-- [fill = 0]
                  0000696c    00000050     control_task.obj (.text:ControlTask_handleCommandCfgPhy)
                  000069bc    00000050     rf_multiMode_cc13x2.aem4f : RFCC26X2_multiMode.c.cc13x2.ccs.o (.text:RF_wakeupNotification)
                  00006a0c    00000050     drivers_cc13x2.aem4f : TemperatureCC26X2.oem4f (.text:degreesToCode)
                  00006a5c    0000004c     CC1352R1_LAUNCHXL_fxns.obj (.text:CC1352R1_LAUNCHXL_wakeUpExtFlash)
                  00006aa8    0000004c     control_task.obj (.text:ControlTask_handleCommandCfgFrequency)
                  00006af4    0000004c     phy_if_ble_5.obj (.text:PhyIf_setCrcInitValueBle_5)
                  00006b40    0000004c     radio_if.obj (.text:RadioIF_enableRadioTimerOverflowCallback)
                  00006b8c    0000004c     radio_if.obj (.text:RadioIF_initTx)
                  00006bd8    0000004c     drivers_cc13x2.aem4f : UARTCC26XX.oem4f (.text:UARTCC26XX_readCancel)
                  00006c24    0000004c     rtsv7M4_T_le_v4SPD16_eabi.lib : cpy_tbl.c.obj (.text:copy_in)
                  00006c70    0000004c     drivers_cc13x2.aem4f : PowerCC26X2.oem4f (.text:switchXOSCHF)
                  00006cbc    00000048     command_handler.obj (.text:CommandHandler_getChipRevision)
                  00006d04    00000048     command_handler.obj (.text:CommandHandler_verifyPacket)
                  00006d4c    00000048     ll_ble_timer.obj (.text:LLBleTimer_start)
                  00006d94    00000048     ll_ble.obj (.text:LLBle_handleAccessAddressUpdate)
                  00006ddc    00000048     rf_multiMode_cc13x2.aem4f : rfc.c.cc13x2.ccs.o (.text:NOROM_RFCSynthPowerDown)
                  00006e24    00000048     drivers_cc13x2.aem4f : PINCC26XX.oem4f (.text:PIN_setOutputEnable)
                  00006e6c    00000048                          : PowerCC26X2_calibrateRCOSC.oem4f (.text:PowerCC26X2_RCOSC_clockFunc)
                  00006eb4    00000048                          : PowerCC26X2.oem4f (.text:PowerCC26XX_switchXOSC_HF)
                  00006efc    00000048     test_command_handler.obj (.text:TestCommandHandle_initializePacketPayload)
                  00006f44    00000048     rtsv7M4_T_le_v4SPD16_eabi.lib : fd_toi_t2.asm.obj (.text)
                  00006f8c    00000048     drivers_cc13x2.aem4f : UARTCC26XX.oem4f (.text:writeFinishedDoCallback)
                  00006fd4    00000046                          : RingBuf.oem4f (.text:RingBuf_put)
                  0000701a    00000044     command_handler.obj (.text:CommandHandler_computeFcs)
                  0000705e    00000002     --HOLE-- [fill = 0]
                  00007060    00000044     driverlib.lib : chipinfo.obj (.text:NOROM_ChipInfo_GetHwRevision)
                  000070a4    00000044     drivers_cc13x2.aem4f : PINCC26XX.oem4f (.text:PIN_swi)
                  000070e8    00000044     task_event.obj (.text:TaskEvent_init)
                  0000712c    00000044     test_command_handler.obj (.text:TestCommandHandler_transmitSeries)
                  00007170    00000044     drivers_cc13x2.aem4f : UART.oem4f (.text:UART_init)
                  000071b4    00000044     rtsv7M4_T_le_v4SPD16_eabi.lib : fd_tou_t2.asm.obj (.text)
                  000071f8    00000042     radio_if_dataqueue.obj (.text:invertBytes)
                  0000723a    00000002     --HOLE-- [fill = 0]
                  0000723c    00000040     CC1352R1_LAUNCHXL_fxns.obj (.text:CC1352R1_LAUNCHXL_shutDownExtFlash)
                  0000727c    00000040     dpl_cc13x2.aem4f : ClockP_tirtos.oem4f (.text:ClockP_construct)
                  000072bc    00000040     command_handler.obj (.text:CommandHandler_constructResponsePacket)
                  000072fc    00000040     data_task.obj (.text:DataTask_initEventHandler)
                  0000733c    00000040     ll_ble.obj (.text:LLBle_scheduleNextConnectionEvent)
                  0000737c    00000040     phy_if_ieee_15_4.obj (.text:PhyIf_configureTxCmdIeee_15_4)
                  000073bc    00000040     phy_if_prop.obj (.text:PhyIf_configureTxCmdProp)
                  000073fc    00000040     drivers_cc13x2.aem4f : PowerCC26X2.oem4f (.text:PowerCC26XX_isStableXOSC_HF)
                  0000743c    00000040     radio_if.obj (.text:RadioIF_sendPacket)
                  0000747c    00000040     radio_if.obj (.text:RadioIF_stopRx)
                  000074bc    00000040     drivers_cc13x2.aem4f : RingBuf.oem4f (.text:RingBuf_get)
                  000074fc    00000040                          : UART.oem4f (.text:UART_open)
                  0000753c    00000040     rtsv7M4_T_le_v4SPD16_eabi.lib : u_divt2.asm.obj (.text)
                  0000757c    00000040     drivers_cc13x2.aem4f : TemperatureCC26X2.oem4f (.text:setNextThresholds)
                  000075bc    00000040     rom_sysbios.aem4f : rom_sysbios.obj (.text:ti_sysbios_family_arm_cc26xx_Timer_setThreshold__I)
                  000075fc    0000003e     common.obj (.text:Common_get32BitValueLE)
                  0000763a    0000003e     dpl_cc13x2.aem4f : HwiP_tirtos.oem4f (.text:HwiP_construct)
                  00007678    0000003c     control_task.obj (.text:ControlTask_handleCommandCfgBleInitiatorAddr)
                  000076b4    0000003c     ll_ble.obj (.text:LLBle_calculatePacketEndTime)
                  000076f0    0000003c     ll_ble.obj (.text:LLBle_channelCheckIfUsed)
                  0000772c    0000003c     ll_ble.obj (.text:LLBle_setInitiatorAddressFilterValue)
                  00007768    0000003c     drivers_cc13x2.aem4f : PINCC26XX.oem4f (.text:PIN_setOutputValue)
                  000077a4    0000003c     rf_multiMode_cc13x2.aem4f : RFCC26X2_multiMode.c.cc13x2.ccs.o (.text:RF_cmdGet)
                  000077e0    0000003c                               : RFCC26X2_multiMode.c.cc13x2.ccs.o (.text:RF_cmdStoreEvents)
                  0000781c    0000003c     dpl_cc13x2.aem4f : SwiP_tirtos.oem4f (.text:SwiP_construct)
                  00007858    0000003c     radio_if_dataqueue.obj (.text:handle154gPacket)
                  00007894    0000003c     rom_sysbios.aem4f : rom_sysbios.obj (.text:ti_sysbios_family_arm_m3_Hwi_construct2__E)
                  000078d0    0000003a     common.obj (.text:Common_set32BitValueLE)
                  0000790a    0000003a     test_command_handler.obj (.text:TestCommandHandle_initializePacketHeader)
                  00007944    00000038     driverlib.lib : osc.obj (.text:NOROM_OSC_HPOSCRelativeFrequencyOffsetGet)
                  0000797c    00000038     drivers_cc13x2.aem4f : PINCC26XX.oem4f (.text:PIN_setConfig)
                  000079b4    00000038     phy_if_ieee_15_4.obj (.text:PhyIf_setFrequencyIeee_15_4)
                  000079ec    00000038     phy_manager.obj (.text:PhyManager_configureCommands)
                  00007a24    00000038     rf_multiMode_cc13x2.aem4f : RFCC26X2_multiMode.c.cc13x2.ccs.o (.text:RF_checkCmdFsError)
                  00007a5c    00000038                               : RFCC26X2_multiMode.c.cc13x2.ccs.o (.text:RF_powerConstraintRelease)
                  00007a94    00000038     drivers_cc13x2.aem4f : PowerCC26X2.oem4f (.text:notify)
                  00007acc    00000038                          : UARTCC26XX.oem4f (.text:readData)
                  00007b04    00000038     rtsv7M4_T_le_v4SPD16_eabi.lib : fs_tod_t2.asm.obj (.text)
                  00007b3c    00000038     drivers_cc13x2.aem4f : UARTCC26XX.oem4f (.text:writeData)
                  00007b74    00000036     packet_handler.obj (.text:PacketHandler_convertStatusToCc1200FormatPropApi)
                  00007baa    00000036     rf_multiMode_cc13x2.aem4f : rf_patch_cpe_prop.c.cc13x2.ccs.o (.text:configurePropPatch)
                  00007be0    00000036     rom_sysbios.aem4f : rom_sysbios.obj (.text:ti_sysbios_family_arm_cc26xx_Timer_setNextTick__E)
                  00007c16    00000002     --HOLE-- [fill = 0]
                  00007c18    00000034     host_if.obj (.text:HostIF_writeBuffer)
                  00007c4c    00000034     driverlib.lib : aux_sysif.obj (.text:NOROM_AUXSYSIFOpModeChange)
                  00007c80    00000034                   : sys_ctrl.obj (.text:NOROM_SysCtrlIdle)
                  00007cb4    00000034     packet_handler.obj (.text:PacketHandler_constructErrorPacket)
                  00007ce8    00000034     rf_multiMode_cc13x2.aem4f : RFCC26X2_multiMode.c.cc13x2.ccs.o (.text:RF_runDirectImmediateCmd)
                  00007d1c    00000034     timestamp.obj (.text:Timestamp_convertToUs)
                  00007d50    00000034     drivers_cc13x2.aem4f : UARTCC26XX.oem4f (.text:readData2RingBuf)
                  00007d84    00000034                          : TemperatureCC26X2.oem4f (.text:updateThresholds)
                  00007db8    00000032     common.obj (.text:Common_get16BitValueLE)
                  00007dea    00000002     --HOLE-- [fill = 0]
                  00007dec    00000030     drivers_cc13x2.aem4f : PINCC26XX.oem4f (.text:PINCC26XX_setMux)
                  00007e1c    00000030     packet_queue.obj (.text:PacketQueue_dequeue)
                  00007e4c    00000030     packet_queue.obj (.text:PacketQueue_enqueue)
                  00007e7c    00000030     phy_if_ble_5.obj (.text:PhyIf_setAccessAddressBle_5)
                  00007eac    00000030     phy_manager.obj (.text:PhyManager_configureTxCommand)
                  00007edc    00000030     phy_manager.obj (.text:PhyManager_setFrequency)
                  00007f0c    00000030     drivers_cc13x2.aem4f : PowerCC26X2.oem4f (.text:Power_releaseConstraint)
                  00007f3c    00000030                          : PowerCC26X2.oem4f (.text:Power_setConstraint)
                  00007f6c    00000030     radio_if.obj (.text:RadioIf_startRxCmd)
                  00007f9c    00000030     drivers_cc13x2.aem4f : TemperatureCC26X2.oem4f (.text:Temperature_unregisterNotify)
                  00007fcc    00000030     rf_multiMode_cc13x2.aem4f : rf_patch_cpe_multi_protocol.c.cc13x2.ccs.o (.text:applyMultiProtocolPatch)
                  00007ffc    00000030     release_pem4f.oem4f (.text:ti_sysbios_BIOS_atExitFunc__I)
                  0000802c    00000030     release_pem4f.oem4f (.text:ti_sysbios_BIOS_startFunc__I)
                  0000805c    00000030     rom_sysbios.aem4f : rom_sysbios.obj (.text:ti_sysbios_family_arm_cc26xx_Timer_getCurrentTick__E)
                  0000808c    00000030                       : rom_sysbios.obj (.text:ti_sysbios_family_arm_cc26xx_Timer_initDevice__I)
                  000080bc    0000002e     packet_handler.obj (.text:PacketHandler_convertStatusToCc1200FormatBle5Api)
                  000080ea    0000002e     packet_handler.obj (.text:PacketHandler_convertStatusToCc1200FormatIeee154Api)
                  00008118    0000002e     rf_multiMode_cc13x2.aem4f : RFCC26X2_multiMode.c.cc13x2.ccs.o (.text:RF_queueEnd)
                  00008146    0000002e     rtsv7M4_T_le_v4SPD16_eabi.lib : i_tofd_t2.asm.obj (.text)
                  00008174    0000002c     data_task.obj (.text:DataTask_rfCoreEventCb)
                  000081a0    0000002c     ll_ble_timer.obj (.text:LLBleTimer_stop)
                  000081cc    0000002c     rf_multiMode_cc13x2.aem4f : RFCC26X2_multiMode.c.cc13x2.ccs.o (.text:RF_executeDirectImmediateCmd)
                  000081f8    0000002c     dpl_cc13x2.aem4f : SemaphoreP_tirtos.oem4f (.text:SemaphoreP_constructBinary)
                  00008224    0000002c     timestamp.obj (.text:Timestamp_ratOverflowCb)
                  00008250    0000002c     rom_sysbios.aem4f : rom_sysbios.obj (.text:_pthread_delete$45)
                  0000827c    0000002c     rf_multiMode_cc13x2.aem4f : rf_patch_cpe_prop.c.cc13x2.ccs.o (.text:applyPropPatch)
                  000082a8    0000002c     rom_sysbios.aem4f : rom_sysbios.obj (.text:ti_sysbios_knl_Clock_getTicksUntilInterrupt__E)
                  000082d4    0000002a     ll_ble.obj (.text:LLBle_supervisionTimerReset)
                  000082fe    0000002a     ll_ble.obj (.text:LLBle_supervisionTimerStart)
                  00008328    0000002a     drivers_cc13x2.aem4f : List.oem4f (.text:List_insert)
                  00008352    0000002a     rf_multiMode_cc13x2.aem4f : RFCC26X2_multiMode.c.cc13x2.ccs.o (.text:RF_searchAndReplacePAOverride)
                  0000837c    0000002a     rom_sysbios.aem4f : rom_sysbios.obj (.text:ti_sysbios_knl_Clock_getTimeout__E)
                  000083a6    00000028     common.obj (.text:Common_set16BitValueLE)
                  000083ce    00000002     --HOLE-- [fill = 0]
                  000083d0    00000028     ll_ble.obj (.text:LLBle_calculateMissedPacketTimeMargin)
                  000083f8    00000028     driverlib.lib : osc.obj (.text:NOROM_OSCHF_TurnOnXosc)
                  00008420    00000028     rf_multiMode_cc13x2.aem4f : rfc.c.cc13x2.ccs.o (.text:NOROM_RFCOverrideSearch)
                  00008448    00000028     phy_if_ble_5.obj (.text:PhyIf_getAccessAddressBle_5)
                  00008470    00000028     drivers_cc13x2.aem4f : PowerCC26X2.oem4f (.text:Power_registerNotify)
                  00008498    00000028     rf_multiMode_cc13x2.aem4f : RFCC26X2_multiMode.c.cc13x2.ccs.o (.text:RF_calculateDeltaTimeUs)
                  000084c0    00000028                               : RFCC26X2_multiMode.c.cc13x2.ccs.o (.text:RF_runCmd)
                  000084e8    00000028     drivers_cc13x2.aem4f : PowerCC26X2.oem4f (.text:oscillatorISR)
                  00008510    00000026                          : List.oem4f (.text:List_put)
                  00008536    00000026                          : List.oem4f (.text:List_putHead)
                  0000855c    00000026                          : List.oem4f (.text:List_remove)
                  00008582    00000002     --HOLE-- [fill = 0]
                  00008584    00000024     ll_manager.obj (.text:LL_setLLType)
                  000085a8    00000024     rf_multiMode_cc13x2.aem4f : rfc.c.cc13x2.ccs.o (.text:NOROM_RFCDoorbellSendTo)
                  000085cc    00000024     CC1352R1_LAUNCHXL_fxns.obj (.text:PINCC26XX_setOutputValue)
                  000085f0    00000024     packet_queue.obj (.text:PacketQueue_freeBufferSlot)
                  00008614    00000024     phy_if_ble_5.obj (.text:PhyIf_getChannelBle_5)
                  00008638    00000024     rf_multiMode_cc13x2.aem4f : RFCC26X2_multiMode.c.cc13x2.ccs.o (.text:RF_cmdAlloc)
                  0000865c    00000024                               : RFCC26X2_multiMode.c.cc13x2.ccs.o (.text:RF_invokeGlobalCallback)
                  00008680    00000024     radio_if.obj (.text:RadioIF_flushDataQueue)
                  000086a4    00000024     radio_if.obj (.text:RadioIF_handleBufferOverflow)
                  000086c8    00000024     radio_if_dataqueue.obj (.text:RadioIF_resetDataQueue)
                  000086ec    00000024     radio_if.obj (.text:RadioIf_cancelRatTimerEvent)
                  00008710    00000024     rom_sysbios.aem4f : rom_sysbios.obj (.text:_pthread_cleanupFxn)
                  00008734    00000024     drivers_cc13x2.aem4f : PowerCC26X2_calibrateRCOSC.oem4f (.text:getTdcSemaphore)
                  00008758    00000024     host_if_task.obj (.text:hostIfTask)
                  0000877c    00000024     release_pem4f.oem4f (.text:ti_sysbios_BIOS_registerRTSLock__I)
                  000087a0    00000024     release_pem4f.oem4f (.text:ti_sysbios_BIOS_removeRTSLock__I)
                  000087c4    00000024     rom_sysbios.aem4f : rom_sysbios.obj (.text:ti_sysbios_family_arm_cc26xx_Timer_getMaxTicks__E)
                  000087e8    00000022     drivers_cc13x2.aem4f : List.oem4f (.text:List_get)
                  0000880a    00000002     --HOLE-- [fill = 0]
                  0000880c    00000020     command_handler.obj (.text:CommandHandler_respondCommand)
                  0000882c    00000020     command_handler.obj (.text:CommandHandler_respondPingCommand)
                  0000884c    00000020     dpl_cc13x2.aem4f : HwiP_tirtos.oem4f (.text:HwiP_setFunc)
                  0000886c    00000020     ll_ble_timer.obj (.text:LLBleTimer_create)
                  0000888c    00000020     ll_ble_timer.obj (.text:LLBleTimer_setTimeout)
                  000088ac    00000020     ll_ble.obj (.text:LLBle_init)
                  000088cc    00000020     drivers_cc13x2.aem4f : PINCC26XX.oem4f (.text:PINCC26XX_setIoCfgMux)
                  000088ec    00000020                          : PowerCC26X2.oem4f (.text:Power_unregisterNotify)
                  0000890c    00000020     rf_multiMode_cc13x2.aem4f : RFCC26X2_multiMode.c.cc13x2.ccs.o (.text:RF_clkPowerUp)
                  0000892c    00000020                               : RFCC26X2_multiMode.c.cc13x2.ccs.o (.text:RF_hwiCpe0ChangePhy)
                  0000894c    00000020                               : RFCC26X2_multiMode.c.cc13x2.ccs.o (.text:RF_isStateTransitionAllowed)
                  0000896c    00000020                               : RFCC26X2_multiMode.c.cc13x2.ccs.o (.text:RF_ratIsRunning)
                  0000898c    00000020     radio_if_dataqueue.obj (.text:RadioIF_dataQueueInit)
                  000089ac    00000020     radio_if.obj (.text:RadioIF_disableTx)
                  000089cc    00000020     radio_if.obj (.text:RadioIF_init)
                  000089ec    00000020     drivers_cc13x2.aem4f : TemperatureCC26X2.oem4f (.text:setTempLowerLimit)
                  00008a0c    00000020                          : TemperatureCC26X2.oem4f (.text:setTempUpperLimit)
                  00008a2c    00000020                          : UARTCC26XX.oem4f (.text:threadSafeStdbyDisRelease)
                  00008a4c    00000020                          : UARTCC26XX.oem4f (.text:threadSafeStdbyDisSet)
                  00008a6c    00000020     release_pem4f.oem4f (.text:ti_sysbios_BIOS_rtsLock__I)
                  00008a8c    00000020     rom_sysbios.aem4f : rom_sysbios.obj (.text:ti_sysbios_family_arm_cc26xx_Timer_dynamicStub__E)
                  00008aac    00000020                       : rom_sysbios.obj (.text:xdc_runtime_Error_policyMin__E)
                  00008acc    0000001e     control_task.obj (.text:ControlTask_isCmdPing)
                  00008aea    0000001e     data_task.obj (.text:DataTask_handleBufferOverflow)
                  00008b08    0000001e     ll_ble.obj (.text:LLBle_isDataChannel)
                  00008b26    0000001e     drivers_cc13x2.aem4f : PINCC26XX.oem4f (.text:PIN_close)
                  00008b44    0000001e                          : PowerCC26X2.oem4f (.text:Power_getTransitionLatency)
                  00008b62    0000001e     rtsv7M4_T_le_v4SPD16_eabi.lib : ll_lsl_t2.asm.obj (.text)
                  00008b80    0000001e                                   : ll_lsr_t2.asm.obj (.text)
                  00008b9e    00000002     --HOLE-- [fill = 0]
                  00008ba0    0000001c     CC1352R1_LAUNCHXL.obj (.text:CC1352R1_LAUNCHXL_initGeneral)
                  00008bbc    0000001c     host_if.obj (.text:HostIF_readBuffer)
                  00008bd8    0000001c     driverlib.lib : chipinfo.obj (.text:NOROM_ChipInfo_GetChipFamily)
                  00008bf4    0000001c     drivers_cc13x2.aem4f : PINCC26XX.oem4f (.text:PIN_hwi)
                  00008c10    0000001c     dpl_cc13x2.aem4f : PowerCC26X2_tirtos.oem4f (.text:PowerCC26XX_schedulerDisable)
                  00008c2c    0000001c                      : PowerCC26X2_tirtos.oem4f (.text:PowerCC26XX_schedulerRestore)
                  00008c48    0000001c     rf_multiMode_cc13x2.aem4f : RFCC26X2_multiMode.c.cc13x2.ccs.o (.text:RF_clkInactivityCallback)
                  00008c64    0000001c                               : RFCC26X2_multiMode.c.cc13x2.ccs.o (.text:RF_getPAOverrideOffsetAndValue)
                  00008c80    0000001c                               : RFCC26X2_multiMode.c.cc13x2.ccs.o (.text:RF_powerConstraintSet)
                  00008c9c    0000001c     radio_if_dataqueue.obj (.text:RadioIF_hasPacket)
                  00008cb8    0000001c     rom_sysbios.aem4f : rom_sysbios.obj (.text:ti_sysbios_knl_Swi_construct2__E)
                  00008cd4    0000001c     release_pem4f.oem4f (.text:xdc_runtime_Startup_exec__I)
                  00008cf0    0000001a     drivers_cc13x2.aem4f : PowerCC26X2.oem4f (.text:PowerCC26XX_calibrate)
                  00008d0a    00000002     --HOLE-- [fill = 0]
                  00008d0c    00000018     driverlib.lib : chipinfo.obj (.text:NOROM_ChipInfo_GetPackageType)
                  00008d24    00000018     packet_queue.obj (.text:PacketQueue_allocBufferSlot)
                  00008d3c    00000018     drivers_cc13x2.aem4f : PowerCC26X2.oem4f (.text:Power_idleFunc)
                  00008d54    00000018     rf_multiMode_cc13x2.aem4f : RFCC26X2_multiMode.c.cc13x2.ccs.o (.text:RF_cancelCmd)
                  00008d6c    00000018                               : RFCC26X2_multiMode.c.cc13x2.ccs.o (.text:RF_swiFsm)
                  00008d84    00000018     radio_if_dataqueue.obj (.text:RadioIF_nextEntry)
                  00008d9c    00000018     radio_if.obj (.text:RadioIF_setFrequency)
                  00008db4    00000018     radio_if.obj (.text:RadioIf_stopRxCmd)
                  00008dcc    00000018     timestamp.obj (.text:Timestamp_init)
                  00008de4    00000018     drivers_cc13x2.aem4f : UART.oem4f (.text:UART_Params_init)
                  00008dfc    00000018     rtsv7M4_T_le_v4SPD16_eabi.lib : args_main.c.obj (.text:_args_main)
                  00008e14    00000018     radio_if_dataqueue.obj (.text:isFourOctetFcsType)
                  00008e2c    00000018     rtsv7M4_T_le_v4SPD16_eabi.lib : ll_mul_t2.asm.obj (.text)
                  00008e44    00000018     drivers_cc13x2.aem4f : PowerCC26X2.oem4f (.text:switchToTCXO)
                  00008e5c    00000018     release_pem4f.oem4f (.text:ti_sysbios_BIOS_rtsUnlock__I)
                  00008e74    00000018     rom_sysbios.aem4f : rom_sysbios.obj (.text:ti_sysbios_knl_Swi_or__E)
                  00008e8c    00000018                       : rom_sysbios.obj (.text:xdc_runtime_Error_init__E)
                  00008ea4    00000016     ll_ble.obj (.text:LLBle_calculatePacketStartTime)
                  00008eba    00000016     driverlib.lib : chipinfo.obj (.text:NOROM_ThisLibraryIsFor_CC13x2_CC26x2_HwRev20AndLater_HaltIfViolated)
                  00008ed0    00000016     phy_manager.obj (.text:PhyManager_isBlePhySupported)
                  00008ee6    00000016     rf_multiMode_cc13x2.aem4f : RFCC26X2_multiMode.c.cc13x2.ccs.o (.text:RF_restartClockTimeout)
                  00008efc    00000016     release_pem4f.oem4f (.text:ti_sysbios_BIOS_exitFunc__I)
                  00008f12    00000016     host_if.obj (.text:ti_sysbios_knl_Semaphore_Params_init)
                  00008f28    00000016     packet_sniffer_fw.obj (.text:ti_sysbios_knl_Task_Params_init)
                  00008f3e    00000014     command_handler.obj (.text:CommandHandler_forwardResponsePacket)
                  00008f52    00000002     --HOLE-- [fill = 0]
                  00008f54    00000014     control_task.obj (.text:ControlTask_notifyUserIfTask)
                  00008f68    00000014     drivers_cc13x2.aem4f : List.oem4f (.text:List_clearList)
                  00008f7c    00000014     rf_multiMode_cc13x2.aem4f : rfc.c.cc13x2.ccs.o (.text:NOROM_RFCCpeIntGetAndClear)
                  00008f90    00000014     drivers_cc13x2.aem4f : PINCC26XX.oem4f (.text:PINCC26XX_getOutputValue)
                  00008fa4    00000014     packet_handler.obj (.text:PacketHandler_processError)
                  00008fb8    00000014     packet_handler.obj (.text:PacketHandler_processPacket)
                  00008fcc    00000014     drivers_cc13x2.aem4f : PowerCC26X2_calibrateRCOSC.oem4f (.text:PowerCC26X2_calibrate)
                  00008fe0    00000014     rf_multiMode_cc13x2.aem4f : RFCC26X2_multiMode.c.cc13x2.ccs.o (.text:RF_Params_init)
                  00008ff4    00000014                               : RFCC26X2_multiMode.c.cc13x2.ccs.o (.text:RF_dbellSyncOnAck)
                  00009008    00000014                               : RFCC26X2_multiMode.c.cc13x2.ccs.o (.text:RF_flushCmd)
                  0000901c    00000014                               : RFCC26X2_multiMode.c.cc13x2.ccs.o (.text:RF_ratCompare)
                  00009030    00000014                               : RFCC26X2_multiMode.c.cc13x2.ccs.o (.text:RF_ratGetChannel)
                  00009044    00000014     radio_if.obj (.text:RadioIF_registerRatOverflowCb)
                  00009058    00000014     radio_if.obj (.text:RadioIF_registerRfCoreEventCbApiSpecific)
                  0000906c    00000014     drivers_cc13x2.aem4f : TemperatureCC26X2.oem4f (.text:Temperature_getTemperature)
                  00009080    00000014                          : TemperatureCC26X2.oem4f (.text:enableTempLowerLimit)
                  00009094    00000014                          : TemperatureCC26X2.oem4f (.text:enableTempUpperLimit)
                  000090a8    00000014     rf_multiMode_cc13x2.aem4f : rf_patch_cpe_multi_protocol.c.cc13x2.ccs.o (.text:enterMultiProtocolCpeHdPatch)
                  000090bc    00000014     rom_sysbios.aem4f : rom_sysbios.obj (.text:ti_sysbios_family_arm_cc26xx_Timer_getCount64__E)
                  000090d0    00000014     release_pem4f.oem4f (.text:ti_sysbios_knl_Clock_doTick__I)
                  000090e4    00000012     ll_ble.obj (.text:LLBle_convertRadioTimeToUs)
                  000090f6    00000012     ll_default.obj (.text:LLDefault_processPacket)
                  00009108    00000012     phy_if_ble_5.obj (.text:PhyIf_configureTxCmdBle_5)
                  0000911a    00000012     drivers_cc13x2.aem4f : RingBuf.oem4f (.text:RingBuf_construct)
                  0000912c    00000012     dpl_cc13x2.aem4f : SemaphoreP_tirtos.oem4f (.text:SemaphoreP_pend)
                  0000913e    00000012     packet_sniffer_fw.obj (.text:main)
                  00009150    00000010     dpl_cc13x2.aem4f : ClockP_tirtos.oem4f (.text:ClockP_isActive)
                  00009160    00000010                      : HwiP_tirtos.oem4f (.text:HwiP_Params_init)
                  00009170    00000010     rf_multiMode_cc13x2.aem4f : rfc.c.cc13x2.ccs.o (.text:NOROM_RFCHwIntGetAndClear)
                  00009180    00000010     drivers_cc13x2.aem4f : PINCC26XX.oem4f (.text:PINCC26XX_getPinCount)
                  00009190    00000010     rf_multiMode_cc13x2.aem4f : RFCC26X2_multiMode.c.cc13x2.ccs.o (.text:RF_dbellSubmitCmdAsync)
                  000091a0    00000010                               : RFCC26X2_multiMode.c.cc13x2.ccs.o (.text:RF_isClientOwner)
                  000091b0    00000010     radio_if.obj (.text:RadioIF_startRx)
                  000091c0    00000010     radio_if.obj (.text:RadioIf_setPhy)
                  000091d0    00000010     dpl_cc13x2.aem4f : SwiP_tirtos.oem4f (.text:SwiP_Params_init)
                  000091e0    00000010     rom_sysbios.aem4f : rom_sysbios.obj (.text:ti_sysbios_family_arm_m3_Hwi_post__E)
                  000091f0    00000010     drivers_cc13x2.aem4f : UARTCC26XX.oem4f (.text:uartPostNotify)
                  00009200    0000000e     control_task.obj (.text:ControlTask_handleCommandStop)
                  0000920e    0000000e     ll_manager.obj (.text:LL_init)
                  0000921c    0000000e     rf_multiMode_cc13x2.aem4f : RFCC26X2_multiMode.c.cc13x2.ccs.o (.text:RF_getSwitchingTimeInUs)
                  0000922a    0000000e     rtsv7M4_T_le_v4SPD16_eabi.lib : copy_decompress_none.c.obj (.text:decompress:none:__TI_decompress_none)
                  00009238    0000000e     rom_sysbios.aem4f : rom_sysbios.obj (.text:ti_sysbios_family_arm_cc26xx_TimestampProvider_get32__E)
                  00009246    00000002     --HOLE-- [fill = 0]
                  00009248    0000000c     dpl_cc13x2.aem4f : ClockP_tirtos.oem4f (.text:ClockP_getSystemTickPeriod)
                  00009254    0000000c     ll_manager.obj (.text:LL_getLlType)
                  00009260    0000000c     driverlib.lib : cpu.obj (.text:NOROM_CPUcpsid)
                  0000926c    0000000c                   : cpu.obj (.text:NOROM_CPUcpsie)
                  00009278    0000000c     phy_if_ble_5.obj (.text:PhyIf_configureSetupCmdBle_5)
                  00009284    0000000c     phy_if_ieee_15_4.obj (.text:PhyIf_configureSetupCmdIeee_15_4)
                  00009290    0000000c     phy_if_prop.obj (.text:PhyIf_configureSetupCmdProp)
                  0000929c    0000000c     phy_if_prop_15_4g.obj (.text:PhyIf_configureSetupCmdProp_15_4g)
                  000092a8    0000000c     phy_manager.obj (.text:PhyManager_getPhyIndex)
                  000092b4    0000000c     phy_manager.obj (.text:PhyManager_getRfApi)
                  000092c0    0000000c     drivers_cc13x2.aem4f : PowerCC26X2.oem4f (.text:Power_getConstraintMask)
                  000092cc    0000000c                          : PowerCC26X2.oem4f (.text:Power_getDependencyCount)
                  000092d8    0000000c     rf_multiMode_cc13x2.aem4f : RFCC26X2_multiMode.c.cc13x2.ccs.o (.text:RF_powerConstraintGet)
                  000092e4    0000000c     radio_if.obj (.text:RadioIF_registerRfCoreEventCb)
                  000092f0    0000000c     rtsv7M4_T_le_v4SPD16_eabi.lib : _lock.c.obj (.text:_register_lock)
                  000092fc    0000000c                                   : _lock.c.obj (.text:_register_unlock)
                  00009308    0000000c                                   : copy_zero_init.c.obj (.text:decompress:ZI:__TI_zero_init)
                  00009314    0000000c     host_if.obj (.text:ti_sysbios_knl_Semaphore_handle)
                  00009320    0000000c     rom_sysbios.aem4f : rom_sysbios.obj (.text:ti_sysbios_knl_Swi_getTrigger__E)
                  0000932c    0000000a     dpl_cc13x2.aem4f : ClockP_tirtos.oem4f (.text:ClockP_Params_init)
                  00009336    0000000a     control_task.obj (.text:ControlTask_handleCommandStart)
                  00009340    0000000a     ll_ble.obj (.text:LLBle_supervisionTimerEventHandler)
                  0000934a    0000000a     drivers_cc13x2.aem4f : UART.oem4f (.text:UART_read)
                  00009354    0000000a                          : UART.oem4f (.text:UART_write)
                  0000935e    00000008     CC1352R1_LAUNCHXL_fxns.obj (.text:Board_initHook)
                  00009366    00000002     --HOLE-- [fill = 0]
                  00009368    00000008     radio_if_dataqueue.obj (.text:RadioIF_dataQueueGet)
                  00009370    00000008     drivers_cc13x2.aem4f : UARTCC26XX.oem4f (.text:UARTCC26XX_init)
                  00009378    00000008                          : UARTCC26XX.oem4f (.text:readSemCallback)
                  00009380    00000008                          : UARTCC26XX.oem4f (.text:writeSemCallback)
                  00009388    00000008     release_pem4f.oem4f (.text:xdc_runtime_Text_visitRope__I)
                  00009390    00000006     command_handler.obj (.text:CommandHandler_getFwRevision)
                  00009396    00000006     driverlib.lib : cpu.obj (.text:NOROM_CPUdelay)
                  0000939c    00000006     rf_multiMode_cc13x2.aem4f : RFCC26X2_multiMode.c.cc13x2.ccs.o (.text:RF_clkReqAccess)
                  000093a2    00000006                               : RFCC26X2_multiMode.c.cc13x2.ccs.o (.text:RF_runImmediateCmd)
                  000093a8    00000006     drivers_cc13x2.aem4f : UARTCC26XX.oem4f (.text:UARTCC26XX_readPolling)
                  000093ae    00000006                          : UARTCC26XX.oem4f (.text:UARTCC26XX_writePolling)
                  000093b4    00000006                          : PowerCC26X2.oem4f (.text:delayUs)
                  000093ba    00000006     rom_sysbios.aem4f : rom_sysbios.obj (.text:ti_sysbios_family_arm_m3_Hwi_setFunc__E)
                  000093c0    00000004     dpl_cc13x2.aem4f : PowerCC26X2_tirtos.oem4f (.text:CPUwfi)
                  000093c4    00000004                      : ClockP_tirtos.oem4f (.text:ClockP_destruct)
                  000093c8    00000004                      : ClockP_tirtos.oem4f (.text:ClockP_getCpuFreq)
                  000093cc    00000004                      : ClockP_tirtos.oem4f (.text:ClockP_getTimeout)
                  000093d0    00000004                      : ClockP_tirtos.oem4f (.text:ClockP_setTimeout)
                  000093d4    00000004                      : ClockP_tirtos.oem4f (.text:ClockP_start)
                  000093d8    00000004                      : ClockP_tirtos.oem4f (.text:ClockP_stop)
                  000093dc    00000004     command_handler.obj (.text:CommandHandler_getFwId)
                  000093e0    00000004     dpl_cc13x2.aem4f : HwiP_tirtos.oem4f (.text:HwiP_destruct)
                  000093e4    00000004                      : HwiP_tirtos.oem4f (.text:HwiP_disable)
                  000093e8    00000004                      : HwiP_tirtos.oem4f (.text:HwiP_enableInterrupt)
                  000093ec    00000004                      : HwiP_tirtos.oem4f (.text:HwiP_post)
                  000093f0    00000004     rf_multiMode_cc13x2.aem4f : rfc.c.cc13x2.ccs.o (.text:NOROM_RFCOverrideUpdate)
                  000093f4    00000004     phy_tables.obj (.text:Phy_getNumBle_5_Phys)
                  000093f8    00000004     phy_tables.obj (.text:Phy_getNumIeee_15_4_Phys)
                  000093fc    00000004     phy_tables.obj (.text:Phy_getNumPropPhys)
                  00009400    00000004     phy_tables.obj (.text:Phy_getNumProp_15_4_g_Phys)
                  00009404    00000004     phy_tables.obj (.text:Phy_getNumSupportedPhys)
                  00009408    00000004     rf_multiMode_cc13x2.aem4f : RFCC26X2_multiMode.c.cc13x2.ccs.o (.text:RF_defaultConflictPolicy)
                  0000940c    00000004     dpl_cc13x2.aem4f : SemaphoreP_tirtos.oem4f (.text:SemaphoreP_destruct)
                  00009410    00000004                      : SemaphoreP_tirtos.oem4f (.text:SemaphoreP_post)
                  00009414    00000004                      : SwiP_tirtos.oem4f (.text:SwiP_destruct)
                  00009418    00000004                      : SwiP_tirtos.oem4f (.text:SwiP_disable)
                  0000941c    00000004                      : SwiP_tirtos.oem4f (.text:SwiP_getTrigger)
                  00009420    00000004                      : SwiP_tirtos.oem4f (.text:SwiP_or)
                  00009424    00000004     drivers_cc13x2.aem4f : PowerCC26X2.oem4f (.text:configureRFCoreClocks)
                  00009428    00000004                          : PowerCC26X2.oem4f (.text:nopResourceHandler)
                  0000942c    00000004     rom_sysbios.aem4f : rom_sysbios.obj (.text:ti_sysbios_knl_Clock_isActive__E)
                  00009430    00000004     release_pem4f.oem4f (.text:xdc_runtime_Startup_reset__I)
                  00009434    00000004     rom_sysbios.aem4f : rom_sysbios.obj (.text:xdc_runtime_SysCallback_defaultReady)
                  00009438    00000008     (.tramp.ti_sysbios_knl_Swi_destruct.1)
                  00009440    00000008     (.tramp.ti_sysbios_family_arm_m3_Hwi_enableInterrupt__E.1)
                  00009448    00000008     (.tramp.ti_sysbios_family_arm_m3_Hwi_destruct.1)
                  00009450    00000008     (.tramp.ti_sysbios_BIOS_getCpuFreq__E.1)
                  00009458    00000008     (.tramp.ti_sysbios_knl_Clock_destruct.1)
                  00009460    00000008     (.tramp.ti_sysbios_BIOS_start__E.1)
                  00009468    00000008     (.tramp.ti_sysbios_knl_Clock_logTick__E.1)
                  00009470    00000008     (.tramp.ti_sysbios_knl_Task_Params__init__S.1)
                  00009478    00000008     (.tramp.ti_sysbios_knl_Swi_post__E.1)
                  00009480    00000008     (.tramp.ti_sysbios_BIOS_RtsGateProxy_leave__E.1)
                  00009488    00000008     (.tramp.ti_sysbios_knl_Swi_construct.1)
                  00009490    00000008     (.tramp.ti_sysbios_BIOS_RtsGateProxy_enter__E.1)
                  00009498    00000008     (.tramp.ti_sysbios_family_arm_m3_Hwi_disableFxn__E.1)
                  000094a0    00000008     (.tramp.ti_sysbios_knl_Clock_getTicks__E.1)
                  000094a8    00000008     (.tramp.ti_sysbios_knl_Clock_TimerProxy_getCurrentTick__E.1)
                  000094b0    00000008     (.tramp.xdc_runtime_Memory_free__E.1)
                  000094b8    00000008     (.tramp.ti_sysbios_knl_Task_delete.1)
                  000094c0    00000008     (.tramp.ti_sysbios_knl_Semaphore_destruct.1)
                  000094c8    00000008     (.tramp.ti_sysbios_knl_Semaphore_Params__init__S.1)
                  000094d0    00000008     (.tramp.ti_sysbios_knl_Event_post__E.1)
                  000094d8    00000008     (.tramp.ti_sysbios_knl_Task_startup__E.1)
                  000094e0    00000008     (.tramp.ti_sysbios_knl_Swi_startup__E.1)
                  000094e8    00000008     (.tramp.ti_sysbios_hal_Hwi_startup__E.1)
                  000094f0    00000008     (.tramp.ti_sysbios_family_arm_cc26xx_Timer_startup__E.1)
                  000094f8    00000008     (.tramp.xdc_runtime_System_atexit__E.1)
                  00009500    00000008     (.tramp.ti_sysbios_BIOS_linkedWithIncorrectBootLibrary__E.1)
                  00009508    00000008     (.tramp.xdc_runtime_Startup_rtsDone__E.1)
                  00009510    00000008     (.tramp.ti_sysbios_knl_Mailbox_pend__E.1)
                  00009518    00000008     (.tramp.ti_sysbios_knl_Semaphore_post__E.1)
                  00009520    00000008     (.tramp.ti_sysbios_knl_Semaphore_pend__E.1)
                  00009528    00000008     (.tramp.ti_sysbios_family_arm_m3_Hwi_construct.1)
                  00009530    00000008     (.tramp.ti_sysbios_knl_Swi_Params__init__S.1)
                  00009538    00000008     (.tramp.ti_sysbios_family_arm_m3_Hwi_Params__init__S.1)
                  00009540    00000008     (.tramp.ti_sysbios_knl_Clock_construct.1)
                  00009548    00000008     (.tramp.ti_sysbios_knl_Clock_Params__init__S.1)
                  00009550    00000008     (.tramp.ti_sysbios_knl_Event_create.1)
                  00009558    00000008     (.tramp.xdc_runtime_System_exit__E.1)
                  00009560    00000008     (.tramp.ti_sysbios_heaps_HeapMem_restore__E.1)
                  00009568    00000008     (.tramp.ti_sysbios_heaps_HeapMem_Object__get__S.1)
                  00009570    00000008     (.tramp.ti_sysbios_knl_Swi_disable__E.1)
                  00009578    00000008     (.tramp.ti_sysbios_knl_Mailbox_post__E.1)
                  00009580    00000008     (.tramp.ti_sysbios_knl_Mailbox_create.1)
                  00009588    00000008     (.tramp.xdc_runtime_Error_raiseX__E.1)
                  00009590    00000008     (.tramp.ti_sysbios_BIOS_setThreadType__E.1)
                  00009598    00000008     (.tramp.ti_sysbios_family_arm_m3_Hwi_excFillContext__I.1)
                  000095a0    00000008     (.tramp.ti_sysbios_knl_Task_restore__E.1)
[...]
1002ec8f  ti_sysbios_knl_Task_SupportProxy_Module__startupDone__S            
1002ec93  ti_sysbios_gates_GateHwi_query__E                                  
1002ec93  xdc_runtime_Main_Module_GateProxy_query__E                         
1002ec93  xdc_runtime_System_Module_GateProxy_query__E                       
1002ec93  xdc_runtime_System_Module_GateProxy_query__E                       
1002ec97  ti_sysbios_gates_GateMutex_delete                                  
1002ec9b  ti_sysbios_BIOS_RtsGateProxy_query__E                              
1002ec9b  ti_sysbios_BIOS_RtsGateProxy_query__E                              
1002ec9b  ti_sysbios_gates_GateMutex_query__E                                
1002ec9b  ti_sysbios_heaps_HeapMem_Module_GateProxy_query__E                 
1002ec9b  ti_sysbios_heaps_HeapMem_Module_GateProxy_query__E                 
1002ec9f  ti_sysbios_hal_Hwi_HwiProxy_create                                 
1002eca3  ti_sysbios_hal_Hwi_HwiProxy_delete                                 
1002eca7  ti_sysbios_hal_Hwi_delete                                          
1002ecab  ti_sysbios_heaps_HeapMem_Module_GateProxy_enter__E                 
1002ecaf  ti_sysbios_heaps_HeapMem_Module_GateProxy_leave__E                 
1002ecb3  ti_sysbios_knl_Clock_TimerProxy_getExpiredTicks__E                 
1002ecb7  ti_sysbios_knl_Clock_TimerProxy_getPeriod__E                       
1002ecbb  ti_sysbios_knl_Clock_delete                                        
1002ecbf  ti_sysbios_knl_Clock_removeI__E                                    
1002ecc3  ti_sysbios_knl_Clock_setTimeout__E                                 
1002ecc7  ti_sysbios_knl_Event_delete                                        
1002eccb  ti_sysbios_knl_Mailbox_delete                                      
1002eccf  ti_sysbios_knl_Queue_delete                                        
1002ecd3  ti_sysbios_knl_Queue_head__E                                       
1002ecd7  ti_sysbios_knl_Queue_next__E                                       
1002ecdb  ti_sysbios_knl_Semaphore_delete                                    
1002ecdf  ti_sysbios_knl_Swi_delete                                          
1002ece3  ti_sysbios_knl_Swi_postInit__I                                     
1002ece7  ti_sysbios_knl_Task_delete                                         
1002eceb  ti_sysbios_knl_Task_startup__E                                     
1002ecf1  xdc_runtime_System_doPrint__I                                      
1002f055  xdc_runtime_Startup_startMods__I                                   
1002f15d  xdc_runtime_Text_putSite__E                                        
1002f1f7  xdc_runtime_Error_policySpin__E                                    
1002f1f9  xdc_runtime_Text_putMod__E                                         
1002f289  xdc_runtime_Memory_alloc__E                                        
1002f2f9  xdc_runtime_Core_createObject__I                                   
1002f367  xdc_runtime_Core_deleteObject__I                                   
1002f3c5  xdc_runtime_Text_putLab__E                                         
1002f421  xdc_runtime_Assert_raise__I                                        
1002f475  xdc_runtime_Startup_exec__E                                        
1002f4c9  xdc_runtime_Core_assignParams__I                                   
1002f511  xdc_runtime_Core_constructObject__I                                
1002f559  xdc_runtime_System_atexit__E                                       
1002f5a1  xdc_runtime_Text_xprintf__I                                        
1002f5e5  xdc_runtime_System_processAtExit__E                                
1002f625  xdc_runtime_System_putchar__I                                      
1002f659  xdc_runtime_Core_assignLabel__I                                    
1002f689  xdc_runtime_Text_printVisFxn__I                                    
1002f6b9  xdc_runtime_System_vprintf__E                                      
1002f6e5  xdc_runtime_Text_cordText__E                                       
1002f711  xdc_runtime_System_abort__E                                        
1002f739  xdc_runtime_Error_raiseX__E                                        
1002f759  xdc_runtime_Registry_findById__E                                   
1002f779  xdc_runtime_Error_check__E                                         
1002f795  xdc_runtime_Memory_valloc__E                                       
1002f7b1  xdc_runtime_System_exit__E                                         
1002f7cd  xdc_runtime_Text_ropeText__E                                       
1002f7e9  xdc_runtime_System_printf__E                                       
1002f803  xdc_runtime_Core_destructObject__I                                 
1002f81b  xdc_runtime_System_abortSpin__E                                    
1002f81d  xdc_runtime_Memory_free__E                                         
1002f831  xdc_runtime_Memory_getStats__E                                     
1002f845  xdc_runtime_SysCallback_abort__E                                   
1002f845  xdc_runtime_System_SupportProxy_abort__E                           
1002f859  xdc_runtime_SysCallback_exit__E                                    
1002f859  xdc_runtime_System_SupportProxy_exit__E                            
1002f86d  xdc_runtime_SysCallback_flush__E                                   
1002f86d  xdc_runtime_System_SupportProxy_flush__E                           
1002f86d  xdc_runtime_System_flush__E                                        
1002f881  xdc_runtime_SysCallback_putch__E                                   
1002f881  xdc_runtime_System_SupportProxy_putch__E                           
1002f895  xdc_runtime_SysCallback_ready__E                                   
1002f895  xdc_runtime_System_SupportProxy_ready__E                           
1002f8a9  xdc_runtime_Memory_getMaxDefaultTypeAlign__E                       
1002f8b9  xdc_runtime_System_vsnprintf__E                                    
1002f8c9  xdc_runtime_Timestamp_SupportProxy_get32__E                        
1002f8c9  xdc_runtime_Timestamp_SupportProxy_get32__E                        
1002f8c9  xdc_runtime_Timestamp_get32__E                                     
1002f8c9  xdc_runtime_Timestamp_get32__E                                     
1002f8d9  xdc_runtime_Memory_calloc__E                                       
1002f8e5  xdc_runtime_Startup_rtsDone__E                                     
1002f8f1  xdc_runtime_Memory_HeapProxy_alloc__E                              
1002f8fb  xdc_runtime_Memory_HeapProxy_free__E                               
1002f905  xdc_runtime_Memory_HeapProxy_getStats__E                           
1002f90f  xdc_runtime_Gate_leaveSystem__E                                    
1002f915  xdc_runtime_System_Module_startup__E                               
1002f91b  xdc_runtime_Gate_enterSystem__E                                    
1002f91f  xdc_runtime_SysCallback_Module__startupDone__S                     
1002f91f  xdc_runtime_System_SupportProxy_Module__startupDone__S             
1002f923  xdc_runtime_System_Module_GateProxy_enter__E                       
1002f927  xdc_runtime_System_Module_GateProxy_leave__E                       
1002f92b  xdc_runtime_System_printf_va__F                                    
1002f92f  xdc_runtime_System_exitSpin__E                                     
1002f931  ti_sysbios_family_arm_m3_Hwi_dispatch__I                           
1002fa11  ti_sysbios_family_arm_m3_Hwi_interruptsAreDisabledButShouldNotBe   
1002fa2d  ti_sysbios_family_arm_m3_TaskSupport_buildTaskStack                
1002fab9  ti_sysbios_family_arm_m3_Hwi_initStacks__E                         
1002fb11  ti_sysbios_family_arm_m3_Hwi_pendSV__I                             
1002fb35  ti_sysbios_family_arm_m3_Hwi_return                                
1002fb39  ti_sysbios_family_arm_m3_Hwi_excHandlerAsm__I                      
1002fb59  ti_sysbios_family_xxx_Hwi_switchAndRunFunc                         
1002fb77  ti_sysbios_family_arm_m3_TaskSupport_swap__E                       
1002fb77  ti_sysbios_knl_Task_SupportProxy_swap__E                           
1002fb77  ti_sysbios_knl_Task_SupportProxy_swap__E                           
1002fb83  ti_sysbios_knl_Task_swapReturn                                     
1002fb8f  ti_sysbios_family_arm_m3_TaskSupport_glue                          
1002fba0  ti_sysbios_knl_Task_Object__PARAMS__C                              
1002fbdc  ti_sysbios_knl_Mailbox_Object__PARAMS__C                           
1002fc10  ti_sysbios_family_arm_m3_Hwi_Object__PARAMS__C                     
1002fc40  ti_sysbios_hal_Hwi_Object__PARAMS__C                               
1002fc6c  ti_sysbios_knl_Swi_Object__PARAMS__C                               
1002fc94  ti_sysbios_heaps_HeapMem_Object__PARAMS__C                         
1002fcb8  ti_sysbios_knl_Clock_Object__PARAMS__C                             
1002fcdc  ti_sysbios_knl_Semaphore_Object__PARAMS__C                         
1002fd00  ti_sysbios_gates_GateHwi_Object__PARAMS__C                         
1002fd18  ti_sysbios_gates_GateMutex_Object__PARAMS__C                       
1002fd30  ti_sysbios_knl_Event_Object__PARAMS__C                             
1002fd48  ti_sysbios_knl_Queue_Object__PARAMS__C                             
1002fd80  ti_sysbios_heaps_HeapTrack_Object__PARAMS__C                       
1002fd9c  ti_sysbios_heaps_HeapTrack_Instance_State_trackQueue__O            
1002fda0  ti_sysbios_heaps_HeapTrack_Module__diagsEnabled__C                 
1002fda4  ti_sysbios_heaps_HeapTrack_Module__diagsIncluded__C                
1002fda8  ti_sysbios_heaps_HeapTrack_Module__diagsMask__C                    
1002fddb  strlen                                                             
20000000  __start___llvm_prf_cnts                                            
20000000  __stop___llvm_prf_cnts                                             
20000000  ti_sysbios_family_arm_m3_Hwi_ramVectors                            
20000100  xdcRomConstPtr                                                     
20000104  xdcRomExternFuncPtr                                                
20000108  xdcRomStatePtr                                                     
20000110  __primary_heap_start__                                             
20001110  __primary_heap_end__                                               
20005858  uartCC26XXObjects                                                  
20005ab8  ti_sysbios_knl_Task_Instance_State_0_stack__A                      
20005dc0  ti_sysbios_family_arm_m3_Hwi_dispatchTable                         
20005e98  RadioIF_RF_Obj                                                     
20005f48  pinHandleTable                                                     
20005fc4  uartCC26XXRingBuffer                                               
2000624d  driverlib_release_0_56804                                          
2000624e  RadioIF_Cmd_Handle                                                 
20006284  PowerCC26XX_swiKey                                                 
20006288  PowerCC26XX_taskKey                                                
2000628c  RadioIF_Rf_Handle                                                  
20006290  TaskEvent_Handle                                                   
20006298  PowerCC26X2_module                                                 
200063cc  ROM_stateStruct                                                    
200063cc  ti_sysbios_knl_Clock_Module__state__V                              
200063f8  ti_sysbios_family_arm_cc26xx_TimestampProvider_Module__state__V    
200063fc  xdc_runtime_Startup_Module__state__V                               
20006404  xdc_runtime_Registry_Module__state__V                              
2000640c  ti_sysbios_BIOS_Module__state__V                                   
20006430  ti_sysbios_knl_Swi_Module__state__V                                
2000644c  ti_sysbios_knl_Task_Module__state__V                               
20006490  xdc_runtime_Memory_Module__state__V                                
20006494  xdc_runtime_System_Module__state__V                                
2000649c  ti_sysbios_family_arm_m3_Hwi_Module__state__V                      
200064d0  ti_sysbios_family_arm_cc26xx_Timer_Module__state__V                
20006560  ti_sysbios_gates_GateMutex_Object__table__V                        
200065b4  ti_sysbios_knl_Task_Object__table__V                               
20006600  ti_sysbios_family_arm_cc26xx_Timer_Object__table__V                
20006648  phyApis                                                            
200066c8  Ieee154_0_cmdIeeeRx                                                
20006704  Ieee154g0_cmdPropRxAdv                                             
20006734  Ieee154g1_cmdPropRxAdv                                             
20006764  Ieee154g2_cmdPropRxAdv                                             
20006794  ti_sysbios_knl_Swi_Module_State_0_readyQ__A                        
200067c4  ti_sysbios_knl_Swi_Object__table__V                                
200067f4  ti_sysbios_knl_Task_Module_State_0_readyQ__A                       
20006824  Ieee154g0_cmdPropRadioDivSetup                                     
2000684c  Ieee154g1_cmdPropRadioDivSetup                                     
20006874  Ieee154g2_cmdPropRadioDivSetup                                     
2000689c  RFProp0_cmdPropRadioDivSetup                                       
200068c4  RFProp1_cmdPropRadioDivSetup                                       
200068ec  Ble5_0_cmdBle5RadioSetup                                           
20006910  Ieee154g1_pOverrides                                               
20006934  RFProp0_cmdPropRx                                                  
20006958  RFProp1_cmdPropRx                                                  
2000697c  RFProp1_pOverrides                                                 
200069a0  Ble5_0_cmdBle5GenericRx                                            
200069c0  Ieee154g0_cmdPropTxAdv                                             
200069e0  Ieee154g0_pOverrides                                               
20006a00  Ieee154g1_cmdPropTxAdv                                             
20006a20  Ieee154g2_cmdPropTxAdv                                             
20006a40  Ieee154g2_pOverrides                                               
20006a60  LLBle_timers                                                       
20006a80  RFProp0_pOverrides                                                 
20006aa0  bleAdvPar                                                          
20006ac0  ti_sysbios_knl_Clock_Object__table__V                              
20006ae0  xdc_runtime_Error_IgnoreBlock                                      
20006b00  Ble5_0_cmdBleAdvNc                                                 
20006b18  Ble5_0_cmdFs                                                       
20006b30  Ieee154_0_cmdFs                                                    
20006b48  Ieee154_0_cmdIeeeTx                                                
20006b60  Ieee154_0_cmdRadioSetup                                            
20006b78  Ieee154g0_cmdFs                                                    
20006b90  Ieee154g1_cmdFs                                                    
20006ba8  Ieee154g2_cmdFs                                                    
20006bc0  RFProp0_cmdFs                                                      
20006bd8  RFProp0_cmdPropTx                                                  
20006bf0  RFProp1_cmdFs                                                      
20006c08  RFProp1_cmdPropTx                                                  
20006c20  pOverridesCommon                                                   
20006c38  ti_sysbios_family_arm_m3_Hwi_Object__table__V                      
20006c50  ti_sysbios_heaps_HeapMem_Object__table__V                          
20006c68  bleGenericRxPar                                                    
20006c7c  pOverrides1Mbps                                                    
20006c90  Ble5_0_mode                                                        
20006ca0  Ieee154_0_mode                                                     
20006cb0  Ieee154g0_mode                                                     
20006cc0  Ieee154g1_mode                                                     
20006cd0  Ieee154g2_mode                                                     
20006ce0  RFProp0_mode                                                       
20006cf0  RFProp1_mode                                                       
20006d00  RadioIf_timers                                                     
20006d10  pOverridesCoded                                                    
20006d20  Ieee154_0_pOverrides                                               
20006d2c  pOverrides2Mbps                                                    
20006d38  RadioIF_numBufferOverflow                                          
20006d39  RadioIF_ratOverFlowEventHandle                                     
20006d44  _lock                                                              
20006d48  _unlock                                                            
20006d5c  pinUpperBound                                                      
20006d60  pinLowerBound                                                      
20006d64  ti_sysbios_family_arm_m3_Hwi_Module__root__V                       
20006d6c  ti_sysbios_gates_GateHwi_Module__root__V                           
20006d74  ti_sysbios_gates_GateMutex_Module__root__V                         
20006d7c  ti_sysbios_hal_Hwi_Module__root__V                                 
20006d84  ti_sysbios_heaps_HeapMem_Module__root__V                           
20006d8c  ti_sysbios_knl_Clock_Module__root__V                               
20006d94  ti_sysbios_knl_Event_Module__root__V                               
20006d9c  ti_sysbios_knl_Mailbox_Module__root__V                             
20006da4  ti_sysbios_knl_Queue_Module__root__V                               
20006dac  ti_sysbios_knl_Semaphore_Module__root__V                           
20006db4  ti_sysbios_knl_Swi_Module__root__V                                 
20006dbc  ti_sysbios_knl_Task_Module__root__V                                
20006dc4  Timestamp_ratOverflowCounter                                       
20006dc8  Timestamp_lastRatCbTime                                            
20006dcc  xdc_runtime_System_Module_State_0_atexitHandlers__A                
20006de0  main_func_sp                                                       
20006de4  ti_sysbios_family_arm_m3_Hwi_Module_State_0_excContext__A          
20006de8  ti_sysbios_family_arm_m3_Hwi_Module_State_0_excStack__A            
20006dec  ti_sysbios_knl_Task_Module_State_0_idleTask__A                     
20006df0  ti_sysbios_family_arm_m3_Hwi_Module_State_0_excActive__A           
20013c00  __stack                                                            
20014000  __STACK_END                                                        
e000e000  ti_sysbios_family_arm_m3_Hwi_nvic                                  
ffffffff  __TI_pprof_out_hndl                                                
ffffffff  __TI_prof_data_size                                                
ffffffff  __TI_prof_data_start                                               
ffffffff  __binit__                                                          
ffffffff  __c_args__                                                         
ffffffff  binit                                                              
UNDEFED   SHT$$INIT_ARRAY$$Base                                              
UNDEFED   SHT$$INIT_ARRAY$$Limit                                             

[1048 symbols]
